Archive member included to satisfy reference by file (symbol)

c:/program files (x86)/atollic/truestudio for stm32 9.0.0/armtools/bin/../lib/gcc/arm-atollic-eabi/6.3.1/../../../../arm-atollic-eabi/lib/armv7e-m/fpu\libc.a(lib_a-init.o)
                              startup\startup_stm32l431xx.o (__libc_init_array)
c:/program files (x86)/atollic/truestudio for stm32 9.0.0/armtools/bin/../lib/gcc/arm-atollic-eabi/6.3.1/../../../../arm-atollic-eabi/lib/armv7e-m/fpu\libc.a(lib_a-sprintf.o)
                              Src\main.o (sprintf)
c:/program files (x86)/atollic/truestudio for stm32 9.0.0/armtools/bin/../lib/gcc/arm-atollic-eabi/6.3.1/../../../../arm-atollic-eabi/lib/armv7e-m/fpu\libc.a(lib_a-strcpy.o)
                              Src\main.o (strcpy)
c:/program files (x86)/atollic/truestudio for stm32 9.0.0/armtools/bin/../lib/gcc/arm-atollic-eabi/6.3.1/../../../../arm-atollic-eabi/lib/armv7e-m/fpu\libc.a(lib_a-strlen.o)
                              Src\main.o (strlen)
c:/program files (x86)/atollic/truestudio for stm32 9.0.0/armtools/bin/../lib/gcc/arm-atollic-eabi/6.3.1/../../../../arm-atollic-eabi/lib/armv7e-m/fpu\libc.a(lib_a-svfprintf.o)
                              c:/program files (x86)/atollic/truestudio for stm32 9.0.0/armtools/bin/../lib/gcc/arm-atollic-eabi/6.3.1/../../../../arm-atollic-eabi/lib/armv7e-m/fpu\libc.a(lib_a-sprintf.o) (_svfprintf_r)
c:/program files (x86)/atollic/truestudio for stm32 9.0.0/armtools/bin/../lib/gcc/arm-atollic-eabi/6.3.1/../../../../arm-atollic-eabi/lib/armv7e-m/fpu\libc.a(lib_a-dtoa.o)
                              c:/program files (x86)/atollic/truestudio for stm32 9.0.0/armtools/bin/../lib/gcc/arm-atollic-eabi/6.3.1/../../../../arm-atollic-eabi/lib/armv7e-m/fpu\libc.a(lib_a-svfprintf.o) (_dtoa_r)
c:/program files (x86)/atollic/truestudio for stm32 9.0.0/armtools/bin/../lib/gcc/arm-atollic-eabi/6.3.1/../../../../arm-atollic-eabi/lib/armv7e-m/fpu\libc.a(lib_a-impure.o)
                              c:/program files (x86)/atollic/truestudio for stm32 9.0.0/armtools/bin/../lib/gcc/arm-atollic-eabi/6.3.1/../../../../arm-atollic-eabi/lib/armv7e-m/fpu\libc.a(lib_a-sprintf.o) (_impure_ptr)
c:/program files (x86)/atollic/truestudio for stm32 9.0.0/armtools/bin/../lib/gcc/arm-atollic-eabi/6.3.1/../../../../arm-atollic-eabi/lib/armv7e-m/fpu\libc.a(lib_a-localeconv.o)
                              c:/program files (x86)/atollic/truestudio for stm32 9.0.0/armtools/bin/../lib/gcc/arm-atollic-eabi/6.3.1/../../../../arm-atollic-eabi/lib/armv7e-m/fpu\libc.a(lib_a-svfprintf.o) (_localeconv_r)
c:/program files (x86)/atollic/truestudio for stm32 9.0.0/armtools/bin/../lib/gcc/arm-atollic-eabi/6.3.1/../../../../arm-atollic-eabi/lib/armv7e-m/fpu\libc.a(lib_a-malloc.o)
                              c:/program files (x86)/atollic/truestudio for stm32 9.0.0/armtools/bin/../lib/gcc/arm-atollic-eabi/6.3.1/../../../../arm-atollic-eabi/lib/armv7e-m/fpu\libc.a(lib_a-dtoa.o) (malloc)
c:/program files (x86)/atollic/truestudio for stm32 9.0.0/armtools/bin/../lib/gcc/arm-atollic-eabi/6.3.1/../../../../arm-atollic-eabi/lib/armv7e-m/fpu\libc.a(lib_a-mallocr.o)
                              c:/program files (x86)/atollic/truestudio for stm32 9.0.0/armtools/bin/../lib/gcc/arm-atollic-eabi/6.3.1/../../../../arm-atollic-eabi/lib/armv7e-m/fpu\libc.a(lib_a-svfprintf.o) (_malloc_r)
c:/program files (x86)/atollic/truestudio for stm32 9.0.0/armtools/bin/../lib/gcc/arm-atollic-eabi/6.3.1/../../../../arm-atollic-eabi/lib/armv7e-m/fpu\libc.a(lib_a-memchr.o)
                              c:/program files (x86)/atollic/truestudio for stm32 9.0.0/armtools/bin/../lib/gcc/arm-atollic-eabi/6.3.1/../../../../arm-atollic-eabi/lib/armv7e-m/fpu\libc.a(lib_a-svfprintf.o) (memchr)
c:/program files (x86)/atollic/truestudio for stm32 9.0.0/armtools/bin/../lib/gcc/arm-atollic-eabi/6.3.1/../../../../arm-atollic-eabi/lib/armv7e-m/fpu\libc.a(lib_a-memcpy-stub.o)
                              c:/program files (x86)/atollic/truestudio for stm32 9.0.0/armtools/bin/../lib/gcc/arm-atollic-eabi/6.3.1/../../../../arm-atollic-eabi/lib/armv7e-m/fpu\libc.a(lib_a-dtoa.o) (memcpy)
c:/program files (x86)/atollic/truestudio for stm32 9.0.0/armtools/bin/../lib/gcc/arm-atollic-eabi/6.3.1/../../../../arm-atollic-eabi/lib/armv7e-m/fpu\libc.a(lib_a-mlock.o)
                              c:/program files (x86)/atollic/truestudio for stm32 9.0.0/armtools/bin/../lib/gcc/arm-atollic-eabi/6.3.1/../../../../arm-atollic-eabi/lib/armv7e-m/fpu\libc.a(lib_a-mallocr.o) (__malloc_lock)
c:/program files (x86)/atollic/truestudio for stm32 9.0.0/armtools/bin/../lib/gcc/arm-atollic-eabi/6.3.1/../../../../arm-atollic-eabi/lib/armv7e-m/fpu\libc.a(lib_a-mprec.o)
                              c:/program files (x86)/atollic/truestudio for stm32 9.0.0/armtools/bin/../lib/gcc/arm-atollic-eabi/6.3.1/../../../../arm-atollic-eabi/lib/armv7e-m/fpu\libc.a(lib_a-dtoa.o) (_Balloc)
[...]
Memory Configuration

Name             Origin             Length             Attributes
RAM              0x20000000         0x00010000         xrw
FLASH            0x08000000         0x00040000         xr
*default*        0x00000000         0xffffffff

Linker script and memory map

LOAD c:/program files (x86)/atollic/truestudio for stm32 9.0.0/armtools/bin/../lib/gcc/arm-atollic-eabi/6.3.1/armv7e-m/fpu/crti.o
LOAD c:/program files (x86)/atollic/truestudio for stm32 9.0.0/armtools/bin/../lib/gcc/arm-atollic-eabi/6.3.1/armv7e-m/fpu/crtbegin.o
LOAD Drivers\STM32L4xx_HAL_Driver\Src\stm32l4xx_hal.o
LOAD Drivers\STM32L4xx_HAL_Driver\Src\stm32l4xx_hal_adc.o
LOAD Drivers\STM32L4xx_HAL_Driver\Src\stm32l4xx_hal_adc_ex.o
LOAD Drivers\STM32L4xx_HAL_Driver\Src\stm32l4xx_hal_cortex.o
LOAD Drivers\STM32L4xx_HAL_Driver\Src\stm32l4xx_hal_dma.o
LOAD Drivers\STM32L4xx_HAL_Driver\Src\stm32l4xx_hal_dma_ex.o
LOAD Drivers\STM32L4xx_HAL_Driver\Src\stm32l4xx_hal_flash.o
LOAD Drivers\STM32L4xx_HAL_Driver\Src\stm32l4xx_hal_flash_ex.o
LOAD Drivers\STM32L4xx_HAL_Driver\Src\stm32l4xx_hal_flash_ramfunc.o
LOAD Drivers\STM32L4xx_HAL_Driver\Src\stm32l4xx_hal_gpio.o
LOAD Drivers\STM32L4xx_HAL_Driver\Src\stm32l4xx_hal_i2c.o
LOAD Drivers\STM32L4xx_HAL_Driver\Src\stm32l4xx_hal_i2c_ex.o
LOAD Drivers\STM32L4xx_HAL_Driver\Src\stm32l4xx_hal_pwr.o
LOAD Drivers\STM32L4xx_HAL_Driver\Src\stm32l4xx_hal_pwr_ex.o
LOAD Drivers\STM32L4xx_HAL_Driver\Src\stm32l4xx_hal_rcc.o
LOAD Drivers\STM32L4xx_HAL_Driver\Src\stm32l4xx_hal_rcc_ex.o
LOAD Drivers\STM32L4xx_HAL_Driver\Src\stm32l4xx_hal_rtc.o
LOAD Drivers\STM32L4xx_HAL_Driver\Src\stm32l4xx_hal_rtc_ex.o
LOAD Drivers\STM32L4xx_HAL_Driver\Src\stm32l4xx_hal_tim.o
LOAD Drivers\STM32L4xx_HAL_Driver\Src\stm32l4xx_hal_tim_ex.o
LOAD Drivers\STM32L4xx_HAL_Driver\Src\stm32l4xx_hal_uart.o
LOAD Drivers\STM32L4xx_HAL_Driver\Src\stm32l4xx_hal_uart_ex.o
LOAD Src\adc.o
LOAD Src\gpio.o
LOAD Src\main.o
LOAD Src\rtc.o
LOAD Src\stm32l4xx_hal_msp.o
LOAD Src\stm32l4xx_it.o
LOAD Src\system_stm32l4xx.o
LOAD Src\usart.o
LOAD startup\startup_stm32l431xx.o
                0x00000080                malloc_getpagesize_P = 0x80
START GROUP
LOAD c:/program files (x86)/atollic/truestudio for stm32 9.0.0/armtools/bin/../lib/gcc/arm-atollic-eabi/6.3.1/../../../../arm-atollic-eabi/lib/armv7e-m/fpu\libc.a
LOAD c:/program files (x86)/atollic/truestudio for stm32 9.0.0/armtools/bin/../lib/gcc/arm-atollic-eabi/6.3.1/../../../../arm-atollic-eabi/lib/armv7e-m/fpu\libm.a
END GROUP
START GROUP
LOAD c:/program files (x86)/atollic/truestudio for stm32 9.0.0/armtools/bin/../lib/gcc/arm-atollic-eabi/6.3.1/armv7e-m/fpu\libgcc.a
LOAD c:/program files (x86)/atollic/truestudio for stm32 9.0.0/armtools/bin/../lib/gcc/arm-atollic-eabi/6.3.1/../../../../arm-atollic-eabi/lib/armv7e-m/fpu\libc.a
END GROUP
START GROUP
LOAD c:/program files (x86)/atollic/truestudio for stm32 9.0.0/armtools/bin/../lib/gcc/arm-atollic-eabi/6.3.1/armv7e-m/fpu\libgcc.a
LOAD c:/program files (x86)/atollic/truestudio for stm32 9.0.0/armtools/bin/../lib/gcc/arm-atollic-eabi/6.3.1/../../../../arm-atollic-eabi/lib/armv7e-m/fpu\libc.a
LOAD c:/program files (x86)/atollic/truestudio for stm32 9.0.0/armtools/bin/../lib/gcc/arm-atollic-eabi/6.3.1/../../../../arm-atollic-eabi/lib/armv7e-m/fpu\libnosys.a
END GROUP
LOAD c:/program files (x86)/atollic/truestudio for stm32 9.0.0/armtools/bin/../lib/gcc/arm-atollic-eabi/6.3.1/armv7e-m/fpu/crtend.o
LOAD c:/program files (x86)/atollic/truestudio for stm32 9.0.0/armtools/bin/../lib/gcc/arm-atollic-eabi/6.3.1/armv7e-m/fpu/crtn.o
                0x20010000                _estack = 0x20010000
                0x00000200                _Min_Heap_Size = 0x200
                0x00000400                _Min_Stack_Size = 0x400

.isr_vector     0x08000000      0x18c
                0x08000000                . = ALIGN (0x4)
 *(.isr_vector)
 .isr_vector    0x08000000      0x18c startup\startup_stm32l431xx.o
                0x08000000                g_pfnVectors
                0x0800018c                . = ALIGN (0x4)

.text           0x08000190     0x664c
                0x08000190                . = ALIGN (0x4)
 *(.text)
 .text          0x08000190       0x40 c:/program files (x86)/atollic/truestudio for stm32 9.0.0/armtools/bin/../lib/gcc/arm-atollic-eabi/6.3.1/armv7e-m/fpu/crtbegin.o
 .text          0x080001d0       0x10 c:/program files (x86)/atollic/truestudio for stm32 9.0.0/armtools/bin/../lib/gcc/arm-atollic-eabi/6.3.1/../../../../arm-atollic-eabi/lib/armv7e-m/fpu\libc.a(lib_a-strlen.o)
                0x080001d0                strlen
 .text          0x080001e0       0xa0 c:/program files (x86)/atollic/truestudio for stm32 9.0.0/armtools/bin/../lib/gcc/arm-atollic-eabi/6.3.1/../../../../arm-atollic-eabi/lib/armv7e-m/fpu\libc.a(lib_a-memchr.o)
                0x080001e0                memchr
 .text          0x08000280      0x370 c:/program files (x86)/atollic/truestudio for stm32 9.0.0/armtools/bin/../lib/gcc/arm-atollic-eabi/6.3.1/armv7e-m/fpu\libgcc.a(_arm_addsubdf3.o)
                0x08000280                __aeabi_drsub
                0x08000288                __aeabi_dsub
                0x08000288                __subdf3
                0x0800028c                __aeabi_dadd
                0x0800028c                __adddf3
                0x08000504                __floatunsidf
                0x08000504                __aeabi_ui2d
                0x08000524                __floatsidf
                0x08000524                __aeabi_i2d
                0x08000548                __aeabi_f2d
                0x08000548                __extendsfdf2
                0x08000584                __floatundidf
                0x08000584                __aeabi_ul2d
                0x08000594                __floatdidf
                0x08000594                __aeabi_l2d
 .text          0x080005f0      0x424 c:/program files (x86)/atollic/truestudio for stm32 9.0.0/armtools/bin/../lib/gcc/arm-atollic-eabi/6.3.1/armv7e-m/fpu\libgcc.a(_arm_muldivdf3.o)
                0x080005f0                __aeabi_dmul
                0x080005f0                __muldf3
                0x08000844                __divdf3
                0x08000844                __aeabi_ddiv
 .text          0x08000a14      0x110 c:/program files (x86)/atollic/truestudio for stm32 9.0.0/armtools/bin/../lib/gcc/arm-atollic-eabi/6.3.1/armv7e-m/fpu\libgcc.a(_arm_cmpdf2.o)
                0x08000a14                __gtdf2
                0x08000a14                __gedf2
                0x08000a1c                __ltdf2
                0x08000a1c                __ledf2
                0x08000a24                __nedf2
                0x08000a24                __eqdf2
                0x08000a24                __cmpdf2
                0x08000aa0                __aeabi_cdrcmple
                0x08000ab0                __aeabi_cdcmpeq
                0x08000ab0                __aeabi_cdcmple
                0x08000ac0                __aeabi_dcmpeq
                0x08000ad4                __aeabi_dcmplt
                0x08000ae8                __aeabi_dcmple
                0x08000afc                __aeabi_dcmpge
                0x08000b10                __aeabi_dcmpgt
 .text          0x08000b24       0x2c c:/program files (x86)/atollic/truestudio for stm32 9.0.0/armtools/bin/../lib/gcc/arm-atollic-eabi/6.3.1/armv7e-m/fpu\libgcc.a(_arm_unorddf2.o)
                0x08000b24                __unorddf2
                0x08000b24                __aeabi_dcmpun
 .text          0x08000b50       0x50 c:/program files (x86)/atollic/truestudio for stm32 9.0.0/armtools/bin/../lib/gcc/arm-atollic-eabi/6.3.1/armv7e-m/fpu\libgcc.a(_arm_fixdfsi.o)
                0x08000b50                __aeabi_d2iz
                0x08000b50                __fixdfsi
 .text          0x08000ba0       0xa0 c:/program files (x86)/atollic/truestudio for stm32 9.0.0/armtools/bin/../lib/gcc/arm-atollic-eabi/6.3.1/armv7e-m/fpu\libgcc.a(_arm_truncdfsf2.o)
                0x08000ba0                __truncdfsf2
                0x08000ba0                __aeabi_d2f
 .text          0x08000c40       0x30 c:/program files (x86)/atollic/truestudio for stm32 9.0.0/armtools/bin/../lib/gcc/arm-atollic-eabi/6.3.1/armv7e-m/fpu\libgcc.a(_aeabi_uldivmod.o)
                0x08000c40                __aeabi_uldivmod
 .text          0x08000c70      0x2dc c:/program files (x86)/atollic/truestudio for stm32 9.0.0/armtools/bin/../lib/gcc/arm-atollic-eabi/6.3.1/armv7e-m/fpu\libgcc.a(_udivmoddi4.o)
                0x08000c70                __udivmoddi4
 .text          0x08000f4c        0x4 c:/program files (x86)/atollic/truestudio for stm32 9.0.0/armtools/bin/../lib/gcc/arm-atollic-eabi/6.3.1/armv7e-m/fpu\libgcc.a(_dvmd_tls.o)
                0x08000f4c                __aeabi_idiv0
                0x08000f4c                __aeabi_ldiv0
 *(.text*)
 .text.HAL_InitTick
                0x08000f50       0x28 Drivers\STM32L4xx_HAL_Driver\Src\stm32l4xx_hal.o
                0x08000f50                HAL_InitTick
 .text.HAL_Init
                0x08000f78       0x16 Drivers\STM32L4xx_HAL_Driver\Src\stm32l4xx_hal.o
                0x08000f78                HAL_Init
 *fill*         0x08000f8e        0x2 
 .text.HAL_IncTick
                0x08000f90       0x10 Drivers\STM32L4xx_HAL_Driver\Src\stm32l4xx_hal.o
                0x08000f90                HAL_IncTick
 .text.HAL_GetTick
                0x08000fa0        0xc Drivers\STM32L4xx_HAL_Driver\Src\stm32l4xx_hal.o
                0x08000fa0                HAL_GetTick
 .text.HAL_Delay
                0x08000fac       0x1c Drivers\STM32L4xx_HAL_Driver\Src\stm32l4xx_hal.o
                0x08000fac                HAL_Delay
 .text.LL_ADC_SetChannelSamplingTime
                0x08000fc8       0x4e Drivers\STM32L4xx_HAL_Driver\Src\stm32l4xx_hal_adc.o
 *fill*         0x08001016        0x2 
 .text.HAL_ADC_Init
                0x08001018      0x198 Drivers\STM32L4xx_HAL_Driver\Src\stm32l4xx_hal_adc.o
                0x08001018                HAL_ADC_Init
 .text.HAL_ADC_PollForConversion
                0x080011b0       0x9c Drivers\STM32L4xx_HAL_Driver\Src\stm32l4xx_hal_adc.o
                0x080011b0                HAL_ADC_PollForConversion
 .text.HAL_ADC_GetValue
                0x0800124c        0x6 Drivers\STM32L4xx_HAL_Driver\Src\stm32l4xx_hal_adc.o
                0x0800124c                HAL_ADC_GetValue
 *fill*         0x08001252        0x2 
 .text.HAL_ADC_ConfigChannel
                0x08001254      0x3f4 Drivers\STM32L4xx_HAL_Driver\Src\stm32l4xx_hal_adc.o
                0x08001254                HAL_ADC_ConfigChannel
 .text.ADC_ConversionStop
                0x08001648       0xb4 Drivers\STM32L4xx_HAL_Driver\Src\stm32l4xx_hal_adc.o
                0x08001648                ADC_ConversionStop
 .text.ADC_Enable
                0x080016fc       0xa4 Drivers\STM32L4xx_HAL_Driver\Src\stm32l4xx_hal_adc.o
                0x080016fc                ADC_Enable
 .text.HAL_ADC_Start
                0x080017a0       0x88 Drivers\STM32L4xx_HAL_Driver\Src\stm32l4xx_hal_adc.o
                0x080017a0                HAL_ADC_Start
 .text.ADC_Disable
                0x08001828       0x76 Drivers\STM32L4xx_HAL_Driver\Src\stm32l4xx_hal_adc.o
                0x08001828                ADC_Disable
 .text.HAL_ADC_Stop
                0x0800189e       0x3e Drivers\STM32L4xx_HAL_Driver\Src\stm32l4xx_hal_adc.o
                0x0800189e                HAL_ADC_Stop
 .text.HAL_NVIC_SetPriorityGrouping
                0x080018dc       0x24 Drivers\STM32L4xx_HAL_Driver\Src\stm32l4xx_hal_cortex.o
                0x080018dc                HAL_NVIC_SetPriorityGrouping
 .text.HAL_NVIC_SetPriority
                0x08001900       0x68 Drivers\STM32L4xx_HAL_Driver\Src\stm32l4xx_hal_cortex.o
                0x08001900                HAL_NVIC_SetPriority
 .text.HAL_NVIC_EnableIRQ
                0x08001968       0x18 Drivers\STM32L4xx_HAL_Driver\Src\stm32l4xx_hal_cortex.o
                0x08001968                HAL_NVIC_EnableIRQ
 .text.HAL_SYSTICK_Config
                0x08001980       0x2c Drivers\STM32L4xx_HAL_Driver\Src\stm32l4xx_hal_cortex.o
                0x08001980                HAL_SYSTICK_Config
 .text.HAL_SYSTICK_CLKSourceConfig
                0x080019ac       0x18 Drivers\STM32L4xx_HAL_Driver\Src\stm32l4xx_hal_cortex.o
                0x080019ac                HAL_SYSTICK_CLKSourceConfig
 .text.HAL_SYSTICK_Callback
                0x080019c4        0x2 Drivers\STM32L4xx_HAL_Driver\Src\stm32l4xx_hal_cortex.o
                0x080019c4                HAL_SYSTICK_Callback
 .text.HAL_SYSTICK_IRQHandler
                0x080019c6        0x8 Drivers\STM32L4xx_HAL_Driver\Src\stm32l4xx_hal_cortex.o
                0x080019c6                HAL_SYSTICK_IRQHandler
 *fill*         0x080019ce        0x2 
 .text.HAL_GPIO_Init
                0x080019d0      0x184 Drivers\STM32L4xx_HAL_Driver\Src\stm32l4xx_hal_gpio.o
                0x080019d0                HAL_GPIO_Init
 .text.HAL_GPIO_WritePin
                0x08001b54        0xa Drivers\STM32L4xx_HAL_Driver\Src\stm32l4xx_hal_gpio.o
                0x08001b54                HAL_GPIO_WritePin
 .text.HAL_GPIO_TogglePin
                0x08001b5e        0x8 Drivers\STM32L4xx_HAL_Driver\Src\stm32l4xx_hal_gpio.o
                0x08001b5e                HAL_GPIO_TogglePin
 *fill*         0x08001b66        0x2 
 .text.HAL_PWREx_GetVoltageRange
                0x08001b68       0x10 Drivers\STM32L4xx_HAL_Driver\Src\stm32l4xx_hal_pwr_ex.o
                0x08001b68                HAL_PWREx_GetVoltageRange
 .text.HAL_PWREx_ControlVoltageScaling
                0x08001b78       0x68 Drivers\STM32L4xx_HAL_Driver\Src\stm32l4xx_hal_pwr_ex.o
                0x08001b78                HAL_PWREx_ControlVoltageScaling
 .text.RCC_SetFlashLatencyFromMSIRange
                0x08001be0       0x84 Drivers\STM32L4xx_HAL_Driver\Src\stm32l4xx_hal_rcc.o
 .text.HAL_RCC_GetSysClockFreq
                0x08001c64       0xd0 Drivers\STM32L4xx_HAL_Driver\Src\stm32l4xx_hal_rcc.o
                0x08001c64                HAL_RCC_GetSysClockFreq
 .text.HAL_RCC_OscConfig
                0x08001d34      0x4b8 Drivers\STM32L4xx_HAL_Driver\Src\stm32l4xx_hal_rcc.o
                0x08001d34                HAL_RCC_OscConfig
 .text.HAL_RCC_ClockConfig
                0x080021ec      0x16c Drivers\STM32L4xx_HAL_Driver\Src\stm32l4xx_hal_rcc.o
                0x080021ec                HAL_RCC_ClockConfig
 .text.HAL_RCC_GetHCLKFreq
                0x08002358        0xc Drivers\STM32L4xx_HAL_Driver\Src\stm32l4xx_hal_rcc.o
                0x08002358                HAL_RCC_GetHCLKFreq
 .text.HAL_RCC_GetPCLK1Freq
                0x08002364       0x20 Drivers\STM32L4xx_HAL_Driver\Src\stm32l4xx_hal_rcc.o
                0x08002364                HAL_RCC_GetPCLK1Freq
 .text.HAL_RCC_GetPCLK2Freq
                0x08002384       0x20 Drivers\STM32L4xx_HAL_Driver\Src\stm32l4xx_hal_rcc.o
                0x08002384                HAL_RCC_GetPCLK2Freq
 .text.RCCEx_PLLSAI1_Config
                0x080023a4      0x118 Drivers\STM32L4xx_HAL_Driver\Src\stm32l4xx_hal_rcc_ex.o
 .text.HAL_RCCEx_PeriphCLKConfig
                0x080024bc      0x2b0 Drivers\STM32L4xx_HAL_Driver\Src\stm32l4xx_hal_rcc_ex.o
                0x080024bc                HAL_RCCEx_PeriphCLKConfig
 .text.HAL_RTC_WaitForSynchro
                0x0800276c       0x30 Drivers\STM32L4xx_HAL_Driver\Src\stm32l4xx_hal_rtc.o
                0x0800276c                HAL_RTC_WaitForSynchro
 .text.RTC_EnterInitMode
                0x0800279c       0x34 Drivers\STM32L4xx_HAL_Driver\Src\stm32l4xx_hal_rtc.o
                0x0800279c                RTC_EnterInitMode
 .text.HAL_RTC_Init
                0x080027d0       0xaa Drivers\STM32L4xx_HAL_Driver\Src\stm32l4xx_hal_rtc.o
                0x080027d0                HAL_RTC_Init
 .text.RTC_ByteToBcd2
                0x0800287a       0x16 Drivers\STM32L4xx_HAL_Driver\Src\stm32l4xx_hal_rtc.o
                0x0800287a                RTC_ByteToBcd2
 .text.HAL_RTC_SetTime
                0x08002890       0xf2 Drivers\STM32L4xx_HAL_Driver\Src\stm32l4xx_hal_rtc.o
                0x08002890                HAL_RTC_SetTime
 .text.HAL_RTC_SetDate
                0x08002982       0xd2 Drivers\STM32L4xx_HAL_Driver\Src\stm32l4xx_hal_rtc.o
                0x08002982                HAL_RTC_SetDate
 .text.HAL_RTCEx_SetWakeUpTimer_IT
                0x08002a54       0xf0 Drivers\STM32L4xx_HAL_Driver\Src\stm32l4xx_hal_rtc_ex.o
                0x08002a54                HAL_RTCEx_SetWakeUpTimer_IT
 .text.HAL_RTCEx_WakeUpTimerIRQHandler
                0x08002b44       0x30 Drivers\STM32L4xx_HAL_Driver\Src\stm32l4xx_hal_rtc_ex.o
                0x08002b44                HAL_RTCEx_WakeUpTimerIRQHandler
 .text.HAL_RTCEx_BKUPWrite
                0x08002b74        0xa Drivers\STM32L4xx_HAL_Driver\Src\stm32l4xx_hal_rtc_ex.o
                0x08002b74                HAL_RTCEx_BKUPWrite
 .text.HAL_RTCEx_BKUPRead
                0x08002b7e        0xa Drivers\STM32L4xx_HAL_Driver\Src\stm32l4xx_hal_rtc_ex.o
                0x08002b7e                HAL_RTCEx_BKUPRead
 .text.UART_SetConfig
                0x08002b88      0x2b8 Drivers\STM32L4xx_HAL_Driver\Src\stm32l4xx_hal_uart.o
                0x08002b88                UART_SetConfig
 .text.UART_AdvFeatureConfig
                0x08002e40       0xa8 Drivers\STM32L4xx_HAL_Driver\Src\stm32l4xx_hal_uart.o
                0x08002e40                UART_AdvFeatureConfig
 .text.UART_WaitOnFlagUntilTimeout
                0x08002ee8       0x62 Drivers\STM32L4xx_HAL_Driver\Src\stm32l4xx_hal_uart.o
                0x08002ee8                UART_WaitOnFlagUntilTimeout
 .text.HAL_UART_Transmit
                0x08002f4a       0xae Drivers\STM32L4xx_HAL_Driver\Src\stm32l4xx_hal_uart.o
                0x08002f4a                HAL_UART_Transmit
 .text.UART_CheckIdleState
                0x08002ff8       0x64 Drivers\STM32L4xx_HAL_Driver\Src\stm32l4xx_hal_uart.o
                0x08002ff8                UART_CheckIdleState
 .text.HAL_UART_Init
                0x0800305c       0x64 Drivers\STM32L4xx_HAL_Driver\Src\stm32l4xx_hal_uart.o
                0x0800305c                HAL_UART_Init
 .text.MX_ADC1_Init
                0x080030c0       0x78 Src\adc.o
                0x080030c0                MX_ADC1_Init
 .text.HAL_ADC_MspInit
                0x08003138       0x44 Src\adc.o
                0x08003138                HAL_ADC_MspInit
 .text.MX_GPIO_Init
                0x0800317c       0x58 Src\gpio.o
                0x0800317c                MX_GPIO_Init
 .text.SystemClock_Config
                0x080031d4       0xa4 Src\main.o
                0x080031d4                SystemClock_Config
 .text.HAL_RTCEx_WakeUpTimerEventCallback
                0x08003278        0xc Src\main.o
                0x08003278                HAL_RTCEx_WakeUpTimerEventCallback
 .text.Mensa_debug_Usart1
                0x08003284       0x28 Src\main.o
                0x08003284                Mensa_debug_Usart1
 .text.Read_Analog_Value
                0x080032ac       0x28 Src\main.o
                0x080032ac                Read_Analog_Value
 *fill*         0x080032d4        0x4 
 .text.startup.main
                0x080032d8      0x3c4 Src\main.o
                0x080032d8                main
 .text._Error_Handler
                0x0800369c        0x2 Src\main.o
                0x0800369c                _Error_Handler
 *fill*         0x0800369e        0x2 
 .text.MX_RTC_Init
                0x080036a0       0xb8 Src\rtc.o
                0x080036a0                MX_RTC_Init
 .text.HAL_RTC_MspInit
                0x08003758       0x38 Src\rtc.o
                0x08003758                HAL_RTC_MspInit
 .text.HAL_MspInit
                0x08003790       0x8c Src\stm32l4xx_hal_msp.o
                0x08003790                HAL_MspInit
 .text.NMI_Handler
                0x0800381c        0x2 Src\stm32l4xx_it.o
                0x0800381c                NMI_Handler
 .text.HardFault_Handler
                0x0800381e        0x2 Src\stm32l4xx_it.o
                0x0800381e                HardFault_Handler
 .text.MemManage_Handler
                0x08003820        0x2 Src\stm32l4xx_it.o
                0x08003820                MemManage_Handler
 .text.BusFault_Handler
                0x08003822        0x2 Src\stm32l4xx_it.o
                0x08003822                BusFault_Handler
 .text.UsageFault_Handler
                0x08003824        0x2 Src\stm32l4xx_it.o
                0x08003824                UsageFault_Handler
 .text.SVC_Handler
                0x08003826        0x2 Src\stm32l4xx_it.o
                0x08003826                SVC_Handler
 .text.DebugMon_Handler
                0x08003828        0x2 Src\stm32l4xx_it.o
                0x08003828                DebugMon_Handler
 .text.PendSV_Handler
                0x0800382a        0x2 Src\stm32l4xx_it.o
                0x0800382a                PendSV_Handler
 .text.SysTick_Handler
                0x0800382c        0xe Src\stm32l4xx_it.o
                0x0800382c                SysTick_Handler
 *fill*         0x0800383a        0x2 
 .text.RTC_WKUP_IRQHandler
                0x0800383c        0xc Src\stm32l4xx_it.o
                0x0800383c                RTC_WKUP_IRQHandler
 .text.SystemInit
                0x08003848       0x48 Src\system_stm32l4xx.o
                0x08003848                SystemInit
 .text.MX_USART1_UART_Init
                0x08003890       0x44 Src\usart.o
                0x08003890                MX_USART1_UART_Init
 .text.HAL_UART_MspInit
                0x080038d4       0x4c Src\usart.o
                0x080038d4                HAL_UART_MspInit
 .text.Reset_Handler
                0x08003920       0x50 startup\startup_stm32l431xx.o
                0x08003920                Reset_Handler
 .text.Default_Handler
                0x08003970        0x2 startup\startup_stm32l431xx.o
                0x08003970                RTC_Alarm_IRQHandler
                0x08003970                EXTI2_IRQHandler
                0x08003970                TIM1_CC_IRQHandler
                0x08003970                TSC_IRQHandler
                0x08003970                TAMP_STAMP_IRQHandler
                0x08003970                EXTI3_IRQHandler
                0x08003970                LPTIM2_IRQHandler
                0x08003970                I2C3_ER_IRQHandler
                0x08003970                EXTI0_IRQHandler
                0x08003970                I2C2_EV_IRQHandler
                0x08003970                CAN1_RX0_IRQHandler
                0x08003970                FPU_IRQHandler
                0x08003970                TIM1_UP_TIM16_IRQHandler
                0x08003970                SPI1_IRQHandler
                0x08003970                TIM6_DAC_IRQHandler
                0x08003970                DMA2_Channel2_IRQHandler
                0x08003970                DMA1_Channel4_IRQHandler
                0x08003970                ADC1_IRQHandler
                0x08003970                USART3_IRQHandler
                0x08003970                DMA1_Channel7_IRQHandler
                0x08003970                CAN1_RX1_IRQHandler
                0x08003970                DMA2_Channel1_IRQHandler
                0x08003970                QUADSPI_IRQHandler
                0x08003970                I2C1_EV_IRQHandler
                0x08003970                DMA1_Channel6_IRQHandler
                0x08003970                DMA2_Channel4_IRQHandler
                0x08003970                RCC_IRQHandler
                0x08003970                TIM1_TRG_COM_IRQHandler
                0x08003970                DMA1_Channel1_IRQHandler
                0x08003970                Default_Handler
                0x08003970                DMA2_Channel7_IRQHandler
                0x08003970                EXTI15_10_IRQHandler
                0x08003970                TIM7_IRQHandler
                0x08003970                SDMMC1_IRQHandler
                0x08003970                I2C3_EV_IRQHandler
                0x08003970                EXTI9_5_IRQHandler
                0x08003970                PVD_PVM_IRQHandler
                0x08003970                SPI2_IRQHandler
                0x08003970                CAN1_TX_IRQHandler
                0x08003970                DMA2_Channel5_IRQHandler
                0x08003970                CRS_IRQHandler
                0x08003970                DMA1_Channel5_IRQHandler
                0x08003970                EXTI4_IRQHandler
                0x08003970                RNG_IRQHandler
                0x08003970                DMA1_Channel3_IRQHandler
                0x08003970                COMP_IRQHandler
                0x08003970                WWDG_IRQHandler
                0x08003970                LPUART1_IRQHandler
                0x08003970                DMA2_Channel6_IRQHandler
                0x08003970                TIM2_IRQHandler
                0x08003970                EXTI1_IRQHandler
                0x08003970                USART2_IRQHandler
                0x08003970                I2C2_ER_IRQHandler
                0x08003970                DMA1_Channel2_IRQHandler
                0x08003970                CAN1_SCE_IRQHandler
                0x08003970                FLASH_IRQHandler
                0x08003970                USART1_IRQHandler
                0x08003970                SPI3_IRQHandler
                0x08003970                I2C1_ER_IRQHandler
                0x08003970                SWPMI1_IRQHandler
                0x08003970                LPTIM1_IRQHandler
                0x08003970                SAI1_IRQHandler
                0x08003970                DMA2_Channel3_IRQHandler
                0x08003970                TIM1_BRK_TIM15_IRQHandler
 *fill*         0x08003972        0x2 
 .text.__libc_init_array
                0x08003974       0x48 c:/program files (x86)/atollic/truestudio for stm32 9.0.0/armtools/bin/../lib/gcc/arm-atollic-eabi/6.3.1/../../../../arm-atollic-eabi/lib/armv7e-m/fpu\libc.a(lib_a-init.o)
                0x08003974                __libc_init_array
 .text.sprintf  0x080039bc       0x48 c:/program files (x86)/atollic/truestudio for stm32 9.0.0/armtools/bin/../lib/gcc/arm-atollic-eabi/6.3.1/../../../../arm-atollic-eabi/lib/armv7e-m/fpu\libc.a(lib_a-sprintf.o)
                0x080039bc                sprintf
 .text.strcpy   0x08003a04       0x10 c:/program files (x86)/atollic/truestudio for stm32 9.0.0/armtools/bin/../lib/gcc/arm-atollic-eabi/6.3.1/../../../../arm-atollic-eabi/lib/armv7e-m/fpu\libc.a(lib_a-strcpy.o)
                0x08003a04                strcpy
 *fill*         0x08003a14        0x4 
 .text._svfprintf_r
                0x08003a18      0xfa8 c:/program files (x86)/atollic/truestudio for stm32 9.0.0/armtools/bin/../lib/gcc/arm-atollic-eabi/6.3.1/../../../../arm-atollic-eabi/lib/armv7e-m/fpu\libc.a(lib_a-svfprintf.o)
                0x08003a18                _svfprintf_r
 .text.quorem   0x080049c0      0x118 c:/program files (x86)/atollic/truestudio for stm32 9.0.0/armtools/bin/../lib/gcc/arm-atollic-eabi/6.3.1/../../../../arm-atollic-eabi/lib/armv7e-m/fpu\libc.a(lib_a-dtoa.o)
 .text._dtoa_r  0x08004ad8      0xb9c c:/program files (x86)/atollic/truestudio for stm32 9.0.0/armtools/bin/../lib/gcc/arm-atollic-eabi/6.3.1/../../../../arm-atollic-eabi/lib/armv7e-m/fpu\libc.a(lib_a-dtoa.o)
                0x08004ad8                _dtoa_r
 .text._localeconv_r
                0x08005674       0x1c c:/program files (x86)/atollic/truestudio for stm32 9.0.0/armtools/bin/../lib/gcc/arm-atollic-eabi/6.3.1/../../../../arm-atollic-eabi/lib/armv7e-m/fpu\libc.a(lib_a-localeconv.o)
                0x08005674                _localeconv_r
 .text.malloc   0x08005690       0x10 c:/program files (x86)/atollic/truestudio for stm32 9.0.0/armtools/bin/../lib/gcc/arm-atollic-eabi/6.3.1/../../../../arm-atollic-eabi/lib/armv7e-m/fpu\libc.a(lib_a-malloc.o)
                0x08005690                malloc
 .text._malloc_r
                0x080056a0      0x41c c:/program files (x86)/atollic/truestudio for stm32 9.0.0/armtools/bin/../lib/gcc/arm-atollic-eabi/6.3.1/../../../../arm-atollic-eabi/lib/armv7e-m/fpu\libc.a(lib_a-mallocr.o)
                0x080056a0                _malloc_r
 .text.memcpy   0x08005abc       0x16 c:/program files (x86)/atollic/truestudio for stm32 9.0.0/armtools/bin/../lib/gcc/arm-atollic-eabi/6.3.1/../../../../arm-atollic-eabi/lib/armv7e-m/fpu\libc.a(lib_a-memcpy-stub.o)
                0x08005abc                memcpy
 *fill*         0x08005ad2        0x2 
 .text.__malloc_lock
                0x08005ad4        0xc c:/program files (x86)/atollic/truestudio for stm32 9.0.0/armtools/bin/../lib/gcc/arm-atollic-eabi/6.3.1/../../../../arm-atollic-eabi/lib/armv7e-m/fpu\libc.a(lib_a-mlock.o)
                0x08005ad4                __malloc_lock
 .text.__malloc_unlock
                0x08005ae0        0xc c:/program files (x86)/atollic/truestudio for stm32 9.0.0/armtools/bin/../lib/gcc/arm-atollic-eabi/6.3.1/../../../../arm-atollic-eabi/lib/armv7e-m/fpu\libc.a(lib_a-mlock.o)
                0x08005ae0                __malloc_unlock
 .text._Balloc  0x08005aec       0x68 c:/program files (x86)/atollic/truestudio for stm32 9.0.0/armtools/bin/../lib/gcc/arm-atollic-eabi/6.3.1/../../../../arm-atollic-eabi/lib/armv7e-m/fpu\libc.a(lib_a-mprec.o)
                0x08005aec                _Balloc
 .text._Bfree   0x08005b54       0x2e c:/program files (x86)/atollic/truestudio for stm32 9.0.0/armtools/bin/../lib/gcc/arm-atollic-eabi/6.3.1/../../../../arm-atollic-eabi/lib/armv7e-m/fpu\libc.a(lib_a-mprec.o)
                0x08005b54                _Bfree
 .text.__multadd
                0x08005b82       0x76 c:/program files (x86)/atollic/truestudio for stm32 9.0.0/armtools/bin/../lib/gcc/arm-atollic-eabi/6.3.1/../../../../arm-atollic-eabi/lib/armv7e-m/fpu\libc.a(lib_a-mprec.o)
                0x08005b82                __multadd
 .text.__hi0bits
                0x08005bf8       0x3e c:/program files (x86)/atollic/truestudio for stm32 9.0.0/armtools/bin/../lib/gcc/arm-atollic-eabi/6.3.1/../../../../arm-atollic-eabi/lib/armv7e-m/fpu\libc.a(lib_a-mprec.o)
                0x08005bf8                __hi0bits
 .text.__lo0bits
                0x08005c36       0x5e c:/program files (x86)/atollic/truestudio for stm32 9.0.0/armtools/bin/../lib/gcc/arm-atollic-eabi/6.3.1/../../../../arm-atollic-eabi/lib/armv7e-m/fpu\libc.a(lib_a-mprec.o)
                0x08005c36                __lo0bits
 .text.__i2b    0x08005c94       0x12 c:/program files (x86)/atollic/truestudio for stm32 9.0.0/armtools/bin/../lib/gcc/arm-atollic-eabi/6.3.1/../../../../arm-atollic-eabi/lib/armv7e-m/fpu\libc.a(lib_a-mprec.o)
                0x08005c94                __i2b
 .text.__multiply
                0x08005ca6      0x11a c:/program files (x86)/atollic/truestudio for stm32 9.0.0/armtools/bin/../lib/gcc/arm-atollic-eabi/6.3.1/../../../../arm-atollic-eabi/lib/armv7e-m/fpu\libc.a(lib_a-mprec.o)
                0x08005ca6                __multiply
 .text.__pow5mult
                0x08005dc0       0x9c c:/program files (x86)/atollic/truestudio for stm32 9.0.0/armtools/bin/../lib/gcc/arm-atollic-eabi/6.3.1/../../../../arm-atollic-eabi/lib/armv7e-m/fpu\libc.a(lib_a-mprec.o)
                0x08005dc0                __pow5mult
 .text.__lshift
                0x08005e5c       0xa2 c:/program files (x86)/atollic/truestudio for stm32 9.0.0/armtools/bin/../lib/gcc/arm-atollic-eabi/6.3.1/../../../../arm-atollic-eabi/lib/armv7e-m/fpu\libc.a(lib_a-mprec.o)
                0x08005e5c                __lshift
 .text.__mcmp   0x08005efe       0x34 c:/program files (x86)/atollic/truestudio for stm32 9.0.0/armtools/bin/../lib/gcc/arm-atollic-eabi/6.3.1/../../../../arm-atollic-eabi/lib/armv7e-m/fpu\libc.a(lib_a-mprec.o)
                0x08005efe                __mcmp
 .text.__mdiff  0x08005f32       0xbc c:/program files (x86)/atollic/truestudio for stm32 9.0.0/armtools/bin/../lib/gcc/arm-atollic-eabi/6.3.1/../../../../arm-atollic-eabi/lib/armv7e-m/fpu\libc.a(lib_a-mprec.o)
                0x08005f32                __mdiff
 .text.__d2b    0x08005fee       0x9e c:/program files (x86)/atollic/truestudio for stm32 9.0.0/armtools/bin/../lib/gcc/arm-atollic-eabi/6.3.1/../../../../arm-atollic-eabi/lib/armv7e-m/fpu\libc.a(lib_a-mprec.o)
                0x08005fee                __d2b
 .text._sbrk_r  0x0800608c       0x20 c:/program files (x86)/atollic/truestudio for stm32 9.0.0/armtools/bin/../lib/gcc/arm-atollic-eabi/6.3.1/../../../../arm-atollic-eabi/lib/armv7e-m/fpu\libc.a(lib_a-sbrkr.o)
                0x0800608c                _sbrk_r
 .text.__ssprint_r
                0x080060ac       0xf4 c:/program files (x86)/atollic/truestudio for stm32 9.0.0/armtools/bin/../lib/gcc/arm-atollic-eabi/6.3.1/../../../../arm-atollic-eabi/lib/armv7e-m/fpu\libc.a(lib_a-svfiprintf.o)
                0x080060ac                __ssprint_r
 .text._calloc_r
                0x080061a0       0x5a c:/program files (x86)/atollic/truestudio for stm32 9.0.0/armtools/bin/../lib/gcc/arm-atollic-eabi/6.3.1/../../../../arm-atollic-eabi/lib/armv7e-m/fpu\libc.a(lib_a-callocr.o)
                0x080061a0                _calloc_r
 *fill*         0x080061fa        0x2 
 .text._malloc_trim_r
                0x080061fc       0xac c:/program files (x86)/atollic/truestudio for stm32 9.0.0/armtools/bin/../lib/gcc/arm-atollic-eabi/6.3.1/../../../../arm-atollic-eabi/lib/armv7e-m/fpu\libc.a(lib_a-freer.o)
                0x080061fc                _malloc_trim_r
 .text._free_r  0x080062a8      0x178 c:/program files (x86)/atollic/truestudio for stm32 9.0.0/armtools/bin/../lib/gcc/arm-atollic-eabi/6.3.1/../../../../arm-atollic-eabi/lib/armv7e-m/fpu\libc.a(lib_a-freer.o)
                0x080062a8                _free_r
 .text.__retarget_lock_acquire_recursive
                0x08006420        0x2 c:/program files (x86)/atollic/truestudio for stm32 9.0.0/armtools/bin/../lib/gcc/arm-atollic-eabi/6.3.1/../../../../arm-atollic-eabi/lib/armv7e-m/fpu\libc.a(lib_a-lock.o)
                0x08006420                __retarget_lock_acquire_recursive
 .text.__retarget_lock_release_recursive
                0x08006422        0x2 c:/program files (x86)/atollic/truestudio for stm32 9.0.0/armtools/bin/../lib/gcc/arm-atollic-eabi/6.3.1/../../../../arm-atollic-eabi/lib/armv7e-m/fpu\libc.a(lib_a-lock.o)
                0x08006422                __retarget_lock_release_recursive
 .text.__ascii_mbtowc
                0x08006424       0x24 c:/program files (x86)/atollic/truestudio for stm32 9.0.0/armtools/bin/../lib/gcc/arm-atollic-eabi/6.3.1/../../../../arm-atollic-eabi/lib/armv7e-m/fpu\libc.a(lib_a-mbtowc_r.o)
                0x08006424                __ascii_mbtowc
 .text.memmove  0x08006448       0x34 c:/program files (x86)/atollic/truestudio for stm32 9.0.0/armtools/bin/../lib/gcc/arm-atollic-eabi/6.3.1/../../../../arm-atollic-eabi/lib/armv7e-m/fpu\libc.a(lib_a-memmove.o)
                0x08006448                memmove
 .text.memset   0x0800647c       0x10 c:/program files (x86)/atollic/truestudio for stm32 9.0.0/armtools/bin/../lib/gcc/arm-atollic-eabi/6.3.1/../../../../arm-atollic-eabi/lib/armv7e-m/fpu\libc.a(lib_a-memset.o)
                0x0800647c                memset
 .text._realloc_r
                0x0800648c      0x300 c:/program files (x86)/atollic/truestudio for stm32 9.0.0/armtools/bin/../lib/gcc/arm-atollic-eabi/6.3.1/../../../../arm-atollic-eabi/lib/armv7e-m/fpu\libc.a(lib_a-reallocr.o)
                0x0800648c                _realloc_r
 .text.__ascii_wctomb
                0x0800678c       0x1a c:/program files (x86)/atollic/truestudio for stm32 9.0.0/armtools/bin/../lib/gcc/arm-atollic-eabi/6.3.1/../../../../arm-atollic-eabi/lib/armv7e-m/fpu\libc.a(lib_a-wctomb_r.o)
                0x0800678c                __ascii_wctomb
 *fill*         0x080067a6        0x2 
 .text._sbrk    0x080067a8       0x1c c:/program files (x86)/atollic/truestudio for stm32 9.0.0/armtools/bin/../lib/gcc/arm-atollic-eabi/6.3.1/../../../../arm-atollic-eabi/lib/armv7e-m/fpu\libnosys.a(sbrk.o)
                0x080067a8                _sbrk
 *(.glue_7)
 .glue_7        0x080067c4        0x0 linker stubs
 *(.glue_7t)
 .glue_7t       0x080067c4        0x0 linker stubs
 *(.eh_frame)
 .eh_frame      0x080067c4        0x0 c:/program files (x86)/atollic/truestudio for stm32 9.0.0/armtools/bin/../lib/gcc/arm-atollic-eabi/6.3.1/armv7e-m/fpu/crtbegin.o
 *(.init)
 .init          0x080067c4        0x4 c:/program files (x86)/atollic/truestudio for stm32 9.0.0/armtools/bin/../lib/gcc/arm-atollic-eabi/6.3.1/armv7e-m/fpu/crti.o
                0x080067c4                _init
 .init          0x080067c8        0x8 c:/program files (x86)/atollic/truestudio for stm32 9.0.0/armtools/bin/../lib/gcc/arm-atollic-eabi/6.3.1/armv7e-m/fpu/crtn.o
 *(.fini)
 .fini          0x080067d0        0x4 c:/program files (x86)/atollic/truestudio for stm32 9.0.0/armtools/bin/../lib/gcc/arm-atollic-eabi/6.3.1/armv7e-m/fpu/crti.o
                0x080067d0                _fini
 .fini          0x080067d4        0x8 c:/program files (x86)/atollic/truestudio for stm32 9.0.0/armtools/bin/../lib/gcc/arm-atollic-eabi/6.3.1/armv7e-m/fpu/crtn.o
                0x080067dc                . = ALIGN (0x4)
                0x080067dc                _etext = .

.vfp11_veneer   0x080067dc        0x0
 .vfp11_veneer  0x080067dc        0x0 linker stubs

.v4_bx          0x080067dc        0x0
 .v4_bx         0x080067dc        0x0 linker stubs

.iplt           0x080067dc        0x0
 .iplt          0x080067dc        0x0 c:/program files (x86)/atollic/truestudio for stm32 9.0.0/armtools/bin/../lib/gcc/arm-atollic-eabi/6.3.1/armv7e-m/fpu/crtbegin.o

.rodata         0x080067e0      0x350
                0x080067e0                . = ALIGN (0x4)
 *(.rodata)
 *(.rodata*)
 .rodata.CSWTCH.51
                0x080067e0        0x4 Drivers\STM32L4xx_HAL_Driver\Src\stm32l4xx_hal_uart.o
 .rodata.CSWTCH.52
                0x080067e4        0xd Drivers\STM32L4xx_HAL_Driver\Src\stm32l4xx_hal_uart.o
 .rodata.MX_ADC1_Init.str1.1
                0x080067f1        0xd Src\adc.o
 .rodata.main.str1.1
                0x080067fe       0x62 Src\main.o
 .rodata.MX_RTC_Init.str1.1
                0x08006860        0xd Src\rtc.o
 .rodata.AHBPrescTable
                0x0800686d       0x10 Src\system_stm32l4xx.o
                0x0800686d                AHBPrescTable
 .rodata.APBPrescTable
                0x0800687d        0x8 Src\system_stm32l4xx.o
                0x0800687d                APBPrescTable
 *fill*         0x08006885        0x3 
 .rodata.MSIRangeTable
                0x08006888       0x30 Src\system_stm32l4xx.o
                0x08006888                MSIRangeTable
 .rodata.MX_USART1_UART_Init.str1.1
                0x080068b8        0xf Src\usart.o
 .rodata._svfprintf_r.str1.1
                0x080068c7       0x34 c:/program files (x86)/atollic/truestudio for stm32 9.0.0/armtools/bin/../lib/gcc/arm-atollic-eabi/6.3.1/../../../../arm-atollic-eabi/lib/armv7e-m/fpu\libc.a(lib_a-svfprintf.o)
 .rodata.blanks.8359
                0x080068fb       0x10 c:/program files (x86)/atollic/truestudio for stm32 9.0.0/armtools/bin/../lib/gcc/arm-atollic-eabi/6.3.1/../../../../arm-atollic-eabi/lib/armv7e-m/fpu\libc.a(lib_a-svfprintf.o)
 .rodata.zeroes.8360
                0x0800690b       0x10 c:/program files (x86)/atollic/truestudio for stm32 9.0.0/armtools/bin/../lib/gcc/arm-atollic-eabi/6.3.1/../../../../arm-atollic-eabi/lib/armv7e-m/fpu\libc.a(lib_a-svfprintf.o)
 .rodata._dtoa_r.str1.1
                0x0800691b        0xd c:/program files (x86)/atollic/truestudio for stm32 9.0.0/armtools/bin/../lib/gcc/arm-atollic-eabi/6.3.1/../../../../arm-atollic-eabi/lib/armv7e-m/fpu\libc.a(lib_a-dtoa.o)
                                  0xf (size before relaxing)
 .rodata.__mprec_bigtens
                0x08006928       0x28 c:/program files (x86)/atollic/truestudio for stm32 9.0.0/armtools/bin/../lib/gcc/arm-atollic-eabi/6.3.1/../../../../arm-atollic-eabi/lib/armv7e-m/fpu\libc.a(lib_a-mprec.o)
                0x08006928                __mprec_bigtens
 .rodata.__mprec_tens
                0x08006950       0xc8 c:/program files (x86)/atollic/truestudio for stm32 9.0.0/armtools/bin/../lib/gcc/arm-atollic-eabi/6.3.1/../../../../arm-atollic-eabi/lib/armv7e-m/fpu\libc.a(lib_a-mprec.o)
                0x08006950                __mprec_tens
 .rodata.p05.7196
                0x08006a18        0xc c:/program files (x86)/atollic/truestudio for stm32 9.0.0/armtools/bin/../lib/gcc/arm-atollic-eabi/6.3.1/../../../../arm-atollic-eabi/lib/armv7e-m/fpu\libc.a(lib_a-mprec.o)
 .rodata._setlocale_r.str1.1
                0x08006a24        0x8 c:/program files (x86)/atollic/truestudio for stm32 9.0.0/armtools/bin/../lib/gcc/arm-atollic-eabi/6.3.1/../../../../arm-atollic-eabi/lib/armv7e-m/fpu\libc.a(lib_a-locale.o)
                                  0x9 (size before relaxing)
 .rodata.str1.1
                0x08006a2c        0x2 c:/program files (x86)/atollic/truestudio for stm32 9.0.0/armtools/bin/../lib/gcc/arm-atollic-eabi/6.3.1/../../../../arm-atollic-eabi/lib/armv7e-m/fpu\libc.a(lib_a-locale.o)
 .rodata._ctype_
                0x08006a2e      0x101 c:/program files (x86)/atollic/truestudio for stm32 9.0.0/armtools/bin/../lib/gcc/arm-atollic-eabi/6.3.1/../../../../arm-atollic-eabi/lib/armv7e-m/fpu\libc.a(lib_a-ctype_.o)
                0x08006a2e                _ctype_
                0x08006b30                . = ALIGN (0x4)
 *fill*         0x08006b2f        0x1 

.ARM.extab
 *(.ARM.extab* .gnu.linkonce.armextab.*)

.ARM            0x08006b30        0x8
                0x08006b30                __exidx_start = .
 *(.ARM.exidx*)
 .ARM.exidx     0x08006b30        0x8 c:/program files (x86)/atollic/truestudio for stm32 9.0.0/armtools/bin/../lib/gcc/arm-atollic-eabi/6.3.1/armv7e-m/fpu\libgcc.a(_udivmoddi4.o)
                0x08006b38                __exidx_end = .

.rel.dyn        0x08006b38        0x0
 .rel.iplt      0x08006b38        0x0 c:/program files (x86)/atollic/truestudio for stm32 9.0.0/armtools/bin/../lib/gcc/arm-atollic-eabi/6.3.1/armv7e-m/fpu/crtbegin.o

.preinit_array  0x08006b38        0x0
                0x08006b38                PROVIDE (__preinit_array_start, .)
 *(.preinit_array*)
                0x08006b38                PROVIDE (__preinit_array_end, .)

.init_array     0x08006b38        0x4
                0x08006b38                PROVIDE (__init_array_start, .)
 *(SORT(.init_array.*))
 *(.init_array*)
 .init_array    0x08006b38        0x4 c:/program files (x86)/atollic/truestudio for stm32 9.0.0/armtools/bin/../lib/gcc/arm-atollic-eabi/6.3.1/armv7e-m/fpu/crtbegin.o
                0x08006b3c                PROVIDE (__init_array_end, .)

.fini_array     0x08006b3c        0x4
                [!provide]                PROVIDE (__fini_array_start, .)
 *(SORT(.fini_array.*))
 *(.fini_array*)
 .fini_array    0x08006b3c        0x4 c:/program files (x86)/atollic/truestudio for stm32 9.0.0/armtools/bin/../lib/gcc/arm-atollic-eabi/6.3.1/armv7e-m/fpu/crtbegin.o
                [!provide]                PROVIDE (__fini_array_end, .)
                0x08006b40                _sidata = LOADADDR (.data)

.data           0x20000000      0x674 load address 0x08006b40
                0x20000000                . = ALIGN (0x4)
                0x20000000                _sdata = .
 *(.data)
 *(.data*)
 .data.SystemCoreClock
                0x20000000        0x4 Src\system_stm32l4xx.o
                0x20000000                SystemCoreClock
 .data._impure_ptr
                0x20000004        0x4 c:/program files (x86)/atollic/truestudio for stm32 9.0.0/armtools/bin/../lib/gcc/arm-atollic-eabi/6.3.1/../../../../arm-atollic-eabi/lib/armv7e-m/fpu\libc.a(lib_a-impure.o)
                0x20000004                _impure_ptr
 .data.impure_data
                0x20000008       0xf0 c:/program files (x86)/atollic/truestudio for stm32 9.0.0/armtools/bin/../lib/gcc/arm-atollic-eabi/6.3.1/../../../../arm-atollic-eabi/lib/armv7e-m/fpu\libc.a(lib_a-impure.o)
 .data.__malloc_av_
                0x200000f8      0x408 c:/program files (x86)/atollic/truestudio for stm32 9.0.0/armtools/bin/../lib/gcc/arm-atollic-eabi/6.3.1/../../../../arm-atollic-eabi/lib/armv7e-m/fpu\libc.a(lib_a-mallocr.o)
                0x200000f8                __malloc_av_
 .data.__malloc_sbrk_base
                0x20000500        0x4 c:/program files (x86)/atollic/truestudio for stm32 9.0.0/armtools/bin/../lib/gcc/arm-atollic-eabi/6.3.1/../../../../arm-atollic-eabi/lib/armv7e-m/fpu\libc.a(lib_a-mallocr.o)
                0x20000500                __malloc_sbrk_base
 .data.__malloc_trim_threshold
                0x20000504        0x4 c:/program files (x86)/atollic/truestudio for stm32 9.0.0/armtools/bin/../lib/gcc/arm-atollic-eabi/6.3.1/../../../../arm-atollic-eabi/lib/armv7e-m/fpu\libc.a(lib_a-mallocr.o)
                0x20000504                __malloc_trim_threshold
 .data.__global_locale
                0x20000508      0x16c c:/program files (x86)/atollic/truestudio for stm32 9.0.0/armtools/bin/../lib/gcc/arm-atollic-eabi/6.3.1/../../../../arm-atollic-eabi/lib/armv7e-m/fpu\libc.a(lib_a-locale.o)
                0x20000508                __global_locale
                0x20000674                . = ALIGN (0x4)
                0x20000674                _edata = .

.igot.plt       0x20000674        0x0 load address 0x080071b4
 .igot.plt      0x20000674        0x0 c:/program files (x86)/atollic/truestudio for stm32 9.0.0/armtools/bin/../lib/gcc/arm-atollic-eabi/6.3.1/armv7e-m/fpu/crtbegin.o
                0x20000674                . = ALIGN (0x4)

.bss            0x20000674      0x16c load address 0x080071b4
                0x20000674                _sbss = .
                0x20000674                __bss_start__ = _sbss
 *(.bss)
 .bss           0x20000674       0x1c c:/program files (x86)/atollic/truestudio for stm32 9.0.0/armtools/bin/../lib/gcc/arm-atollic-eabi/6.3.1/armv7e-m/fpu/crtbegin.o
 *(.bss*)
 .bss.__malloc_current_mallinfo
                0x20000690       0x28 c:/program files (x86)/atollic/truestudio for stm32 9.0.0/armtools/bin/../lib/gcc/arm-atollic-eabi/6.3.1/../../../../arm-atollic-eabi/lib/armv7e-m/fpu\libc.a(lib_a-mallocr.o)
                0x20000690                __malloc_current_mallinfo
 .bss.__malloc_max_sbrked_mem
                0x200006b8        0x4 c:/program files (x86)/atollic/truestudio for stm32 9.0.0/armtools/bin/../lib/gcc/arm-atollic-eabi/6.3.1/../../../../arm-atollic-eabi/lib/armv7e-m/fpu\libc.a(lib_a-mallocr.o)
                0x200006b8                __malloc_max_sbrked_mem
 .bss.__malloc_max_total_mem
                0x200006bc        0x4 c:/program files (x86)/atollic/truestudio for stm32 9.0.0/armtools/bin/../lib/gcc/arm-atollic-eabi/6.3.1/../../../../arm-atollic-eabi/lib/armv7e-m/fpu\libc.a(lib_a-mallocr.o)
                0x200006bc                __malloc_max_total_mem
 .bss.__malloc_top_pad
                0x200006c0        0x4 c:/program files (x86)/atollic/truestudio for stm32 9.0.0/armtools/bin/../lib/gcc/arm-atollic-eabi/6.3.1/../../../../arm-atollic-eabi/lib/armv7e-m/fpu\libc.a(lib_a-mallocr.o)
                0x200006c0                __malloc_top_pad
 .bss.heap_end.5239
                0x200006c4        0x4 c:/program files (x86)/atollic/truestudio for stm32 9.0.0/armtools/bin/../lib/gcc/arm-atollic-eabi/6.3.1/../../../../arm-atollic-eabi/lib/armv7e-m/fpu\libnosys.a(sbrk.o)
 *(COMMON)
 COMMON         0x200006c8        0x4 Drivers\STM32L4xx_HAL_Driver\Src\stm32l4xx_hal.o
                0x200006c8                uwTick
 COMMON         0x200006cc       0x68 Src\adc.o
                0x200006cc                hadc1
 COMMON         0x20000734       0x24 Src\rtc.o
                0x20000734                hrtc
 COMMON         0x20000758       0x78 Src\usart.o
                0x20000758                huart1
 COMMON         0x200007d0        0x9 c:/program files (x86)/atollic/truestudio for stm32 9.0.0/armtools/bin/../lib/gcc/arm-atollic-eabi/6.3.1/../../../../arm-atollic-eabi/lib/armv7e-m/fpu\libc.a(lib_a-lock.o)
                0x200007d0                __lock___atexit_recursive_mutex
                0x200007d1                __lock___arc4random_mutex
                0x200007d2                __lock___env_recursive_mutex
                0x200007d3                __lock___sinit_recursive_mutex
                0x200007d4                __lock___malloc_recursive_mutex
                0x200007d5                __lock___at_quick_exit_mutex
                0x200007d6                __lock___dd_hash_mutex
                0x200007d7                __lock___tz_mutex
                0x200007d8                __lock___sfp_recursive_mutex
 *fill*         0x200007d9        0x3 
 COMMON         0x200007dc        0x4 c:/program files (x86)/atollic/truestudio for stm32 9.0.0/armtools/bin/../lib/gcc/arm-atollic-eabi/6.3.1/../../../../arm-atollic-eabi/lib/armv7e-m/fpu\libc.a(lib_a-reent.o)
                0x200007dc                errno
                0x200007e0                . = ALIGN (0x4)
                0x200007e0                _ebss = .
                0x200007e0                __bss_end__ = _ebss

._user_heap_stack
                0x200007e0      0x600 load address 0x080071b4
                0x200007e0                . = ALIGN (0x4)
                0x200007e0                PROVIDE (end, .)
                [!provide]                PROVIDE (_end, .)
                0x200009e0                . = (. + _Min_Heap_Size)
 *fill*         0x200007e0      0x200 
                0x20000de0                . = (. + _Min_Stack_Size)
 *fill*         0x200009e0      0x400 
                0x20000de0                . = ALIGN (0x4)

/DISCARD/
 libc.a(*)
 libm.a(*)
 libgcc.a(*)

.ARM.attributes
                0x00000000       0x30
 *(.ARM.attributes)
 .ARM.attributes
                0x00000000       0x22 c:/program files (x86)/atollic/truestudio for stm32 9.0.0/armtools/bin/../lib/gcc/arm-atollic-eabi/6.3.1/armv7e-m/fpu/crti.o
 .ARM.attributes
                0x00000022       0x34 c:/program files (x86)/atollic/truestudio for stm32 9.0.0/armtools/bin/../lib/gcc/arm-atollic-eabi/6.3.1/armv7e-m/fpu/crtbegin.o
 .ARM.attributes
                0x00000056       0x39 Drivers\STM32L4xx_HAL_Driver\Src\stm32l4xx_hal.o
 .ARM.attributes
                0x0000008f       0x39 Drivers\STM32L4xx_HAL_Driver\Src\stm32l4xx_hal_adc.o
 .ARM.attributes
                0x000000c8       0x39 Drivers\STM32L4xx_HAL_Driver\Src\stm32l4xx_hal_cortex.o
 .ARM.attributes
                0x00000101       0x39 Drivers\STM32L4xx_HAL_Driver\Src\stm32l4xx_hal_gpio.o
 .ARM.attributes
                0x0000013a       0x39 Drivers\STM32L4xx_HAL_Driver\Src\stm32l4xx_hal_pwr_ex.o
 .ARM.attributes
                0x00000173       0x39 Drivers\STM32L4xx_HAL_Driver\Src\stm32l4xx_hal_rcc.o
 .ARM.attributes
                0x000001ac       0x39 Drivers\STM32L4xx_HAL_Driver\Src\stm32l4xx_hal_rcc_ex.o
 .ARM.attributes
                0x000001e5       0x39 Drivers\STM32L4xx_HAL_Driver\Src\stm32l4xx_hal_rtc.o
 .ARM.attributes
                0x0000021e       0x39 Drivers\STM32L4xx_HAL_Driver\Src\stm32l4xx_hal_rtc_ex.o
 .ARM.attributes
                0x00000257       0x39 Drivers\STM32L4xx_HAL_Driver\Src\stm32l4xx_hal_uart.o
 .ARM.attributes
                0x00000290       0x39 Src\adc.o
 .ARM.attributes
                0x000002c9       0x39 Src\gpio.o
 .ARM.attributes
                0x00000302       0x39 Src\main.o
 .ARM.attributes
                0x0000033b       0x39 Src\rtc.o
 .ARM.attributes
                0x00000374       0x39 Src\stm32l4xx_hal_msp.o
 .ARM.attributes
                0x000003ad       0x39 Src\stm32l4xx_it.o
 .ARM.attributes
                0x000003e6       0x39 Src\system_stm32l4xx.o
 .ARM.attributes
                0x0000041f       0x39 Src\usart.o
 .ARM.attributes
                0x00000458       0x21 startup\startup_stm32l431xx.o
 .ARM.attributes
                0x00000479       0x34 c:/program files (x86)/atollic/truestudio for stm32 9.0.0/armtools/bin/../lib/gcc/arm-atollic-eabi/6.3.1/../../../../arm-atollic-eabi/lib/armv7e-m/fpu\libc.a(lib_a-init.o)
 .ARM.attributes
                0x000004ad       0x34 c:/program files (x86)/atollic/truestudio for stm32 9.0.0/armtools/bin/../lib/gcc/arm-atollic-eabi/6.3.1/../../../../arm-atollic-eabi/lib/armv7e-m/fpu\libc.a(lib_a-sprintf.o)
 .ARM.attributes
                0x000004e1       0x34 c:/program files (x86)/atollic/truestudio for stm32 9.0.0/armtools/bin/../lib/gcc/arm-atollic-eabi/6.3.1/../../../../arm-atollic-eabi/lib/armv7e-m/fpu\libc.a(lib_a-strcpy.o)
 .ARM.attributes
                0x00000515       0x1b c:/program files (x86)/atollic/truestudio for stm32 9.0.0/armtools/bin/../lib/gcc/arm-atollic-eabi/6.3.1/../../../../arm-atollic-eabi/lib/armv7e-m/fpu\libc.a(lib_a-strlen.o)
 .ARM.attributes
                0x00000530       0x34 c:/program files (x86)/atollic/truestudio for stm32 9.0.0/armtools/bin/../lib/gcc/arm-atollic-eabi/6.3.1/../../../../arm-atollic-eabi/lib/armv7e-m/fpu\libc.a(lib_a-svfprintf.o)
 .ARM.attributes
                0x00000564       0x34 c:/program files (x86)/atollic/truestudio for stm32 9.0.0/armtools/bin/../lib/gcc/arm-atollic-eabi/6.3.1/../../../../arm-atollic-eabi/lib/armv7e-m/fpu\libc.a(lib_a-dtoa.o)
 .ARM.attributes
                0x00000598       0x34 c:/program files (x86)/atollic/truestudio for stm32 9.0.0/armtools/bin/../lib/gcc/arm-atollic-eabi/6.3.1/../../../../arm-atollic-eabi/lib/armv7e-m/fpu\libc.a(lib_a-impure.o)
 .ARM.attributes
                0x000005cc       0x34 c:/program files (x86)/atollic/truestudio for stm32 9.0.0/armtools/bin/../lib/gcc/arm-atollic-eabi/6.3.1/../../../../arm-atollic-eabi/lib/armv7e-m/fpu\libc.a(lib_a-localeconv.o)
 .ARM.attributes
                0x00000600       0x34 c:/program files (x86)/atollic/truestudio for stm32 9.0.0/armtools/bin/../lib/gcc/arm-atollic-eabi/6.3.1/../../../../arm-atollic-eabi/lib/armv7e-m/fpu\libc.a(lib_a-malloc.o)
 .ARM.attributes
                0x00000634       0x34 c:/program files (x86)/atollic/truestudio for stm32 9.0.0/armtools/bin/../lib/gcc/arm-atollic-eabi/6.3.1/../../../../arm-atollic-eabi/lib/armv7e-m/fpu\libc.a(lib_a-mallocr.o)
 .ARM.attributes
                0x00000668       0x20 c:/program files (x86)/atollic/truestudio for stm32 9.0.0/armtools/bin/../lib/gcc/arm-atollic-eabi/6.3.1/../../../../arm-atollic-eabi/lib/armv7e-m/fpu\libc.a(lib_a-memchr.o)
 .ARM.attributes
                0x00000688       0x34 c:/program files (x86)/atollic/truestudio for stm32 9.0.0/armtools/bin/../lib/gcc/arm-atollic-eabi/6.3.1/../../../../arm-atollic-eabi/lib/armv7e-m/fpu\libc.a(lib_a-memcpy-stub.o)
 .ARM.attributes
                0x000006bc       0x34 c:/program files (x86)/atollic/truestudio for stm32 9.0.0/armtools/bin/../lib/gcc/arm-atollic-eabi/6.3.1/../../../../arm-atollic-eabi/lib/armv7e-m/fpu\libc.a(lib_a-mlock.o)
 .ARM.attributes
                0x000006f0       0x34 c:/program files (x86)/atollic/truestudio for stm32 9.0.0/armtools/bin/../lib/gcc/arm-atollic-eabi/6.3.1/../../../../arm-atollic-eabi/lib/armv7e-m/fpu\libc.a(lib_a-mprec.o)
 .ARM.attributes
                0x00000724       0x34 c:/program files (x86)/atollic/truestudio for stm32 9.0.0/armtools/bin/../lib/gcc/arm-atollic-eabi/6.3.1/../../../../arm-atollic-eabi/lib/armv7e-m/fpu\libc.a(lib_a-sbrkr.o)
 .ARM.attributes
                0x00000758       0x34 c:/program files (x86)/atollic/truestudio for stm32 9.0.0/armtools/bin/../lib/gcc/arm-atollic-eabi/6.3.1/../../../../arm-atollic-eabi/lib/armv7e-m/fpu\libc.a(lib_a-svfiprintf.o)
 .ARM.attributes
                0x0000078c       0x34 c:/program files (x86)/atollic/truestudio for stm32 9.0.0/armtools/bin/../lib/gcc/arm-atollic-eabi/6.3.1/../../../../arm-atollic-eabi/lib/armv7e-m/fpu\libc.a(lib_a-callocr.o)
 .ARM.attributes
                0x000007c0       0x34 c:/program files (x86)/atollic/truestudio for stm32 9.0.0/armtools/bin/../lib/gcc/arm-atollic-eabi/6.3.1/../../../../arm-atollic-eabi/lib/armv7e-m/fpu\libc.a(lib_a-freer.o)
 .ARM.attributes
                0x000007f4       0x34 c:/program files (x86)/atollic/truestudio for stm32 9.0.0/armtools/bin/../lib/gcc/arm-atollic-eabi/6.3.1/../../../../arm-atollic-eabi/lib/armv7e-m/fpu\libc.a(lib_a-locale.o)
 .ARM.attributes
                0x00000828       0x34 c:/program files (x86)/atollic/truestudio for stm32 9.0.0/armtools/bin/../lib/gcc/arm-atollic-eabi/6.3.1/../../../../arm-atollic-eabi/lib/armv7e-m/fpu\libc.a(lib_a-lock.o)
 .ARM.attributes
                0x0000085c       0x34 c:/program files (x86)/atollic/truestudio for stm32 9.0.0/armtools/bin/../lib/gcc/arm-atollic-eabi/6.3.1/../../../../arm-atollic-eabi/lib/armv7e-m/fpu\libc.a(lib_a-mbtowc_r.o)
 .ARM.attributes
                0x00000890       0x34 c:/program files (x86)/atollic/truestudio for stm32 9.0.0/armtools/bin/../lib/gcc/arm-atollic-eabi/6.3.1/../../../../arm-atollic-eabi/lib/armv7e-m/fpu\libc.a(lib_a-memmove.o)
 .ARM.attributes
                0x000008c4       0x34 c:/program files (x86)/atollic/truestudio for stm32 9.0.0/armtools/bin/../lib/gcc/arm-atollic-eabi/6.3.1/../../../../arm-atollic-eabi/lib/armv7e-m/fpu\libc.a(lib_a-memset.o)
 .ARM.attributes
                0x000008f8       0x34 c:/program files (x86)/atollic/truestudio for stm32 9.0.0/armtools/bin/../lib/gcc/arm-atollic-eabi/6.3.1/../../../../arm-atollic-eabi/lib/armv7e-m/fpu\libc.a(lib_a-reallocr.o)
 .ARM.attributes
                0x0000092c       0x34 c:/program files (x86)/atollic/truestudio for stm32 9.0.0/armtools/bin/../lib/gcc/arm-atollic-eabi/6.3.1/../../../../arm-atollic-eabi/lib/armv7e-m/fpu\libc.a(lib_a-reent.o)
 .ARM.attributes
                0x00000960       0x34 c:/program files (x86)/atollic/truestudio for stm32 9.0.0/armtools/bin/../lib/gcc/arm-atollic-eabi/6.3.1/../../../../arm-atollic-eabi/lib/armv7e-m/fpu\libc.a(lib_a-wctomb_r.o)
 .ARM.attributes
                0x00000994       0x34 c:/program files (x86)/atollic/truestudio for stm32 9.0.0/armtools/bin/../lib/gcc/arm-atollic-eabi/6.3.1/../../../../arm-atollic-eabi/lib/armv7e-m/fpu\libc.a(lib_a-ctype_.o)
 .ARM.attributes
                0x000009c8       0x22 c:/program files (x86)/atollic/truestudio for stm32 9.0.0/armtools/bin/../lib/gcc/arm-atollic-eabi/6.3.1/armv7e-m/fpu\libgcc.a(_arm_addsubdf3.o)
 .ARM.attributes
                0x000009ea       0x22 c:/program files (x86)/atollic/truestudio for stm32 9.0.0/armtools/bin/../lib/gcc/arm-atollic-eabi/6.3.1/armv7e-m/fpu\libgcc.a(_arm_muldivdf3.o)
 .ARM.attributes
                0x00000a0c       0x22 c:/program files (x86)/atollic/truestudio for stm32 9.0.0/armtools/bin/../lib/gcc/arm-atollic-eabi/6.3.1/armv7e-m/fpu\libgcc.a(_arm_cmpdf2.o)
 .ARM.attributes
                0x00000a2e       0x22 c:/program files (x86)/atollic/truestudio for stm32 9.0.0/armtools/bin/../lib/gcc/arm-atollic-eabi/6.3.1/armv7e-m/fpu\libgcc.a(_arm_unorddf2.o)
 .ARM.attributes
                0x00000a50       0x22 c:/program files (x86)/atollic/truestudio for stm32 9.0.0/armtools/bin/../lib/gcc/arm-atollic-eabi/6.3.1/armv7e-m/fpu\libgcc.a(_arm_fixdfsi.o)
 .ARM.attributes
                0x00000a72       0x22 c:/program files (x86)/atollic/truestudio for stm32 9.0.0/armtools/bin/../lib/gcc/arm-atollic-eabi/6.3.1/armv7e-m/fpu\libgcc.a(_arm_truncdfsf2.o)
 .ARM.attributes
                0x00000a94       0x22 c:/program files (x86)/atollic/truestudio for stm32 9.0.0/armtools/bin/../lib/gcc/arm-atollic-eabi/6.3.1/armv7e-m/fpu\libgcc.a(_aeabi_uldivmod.o)
 .ARM.attributes
                0x00000ab6       0x34 c:/program files (x86)/atollic/truestudio for stm32 9.0.0/armtools/bin/../lib/gcc/arm-atollic-eabi/6.3.1/armv7e-m/fpu\libgcc.a(_udivmoddi4.o)
 .ARM.attributes
                0x00000aea       0x22 c:/program files (x86)/atollic/truestudio for stm32 9.0.0/armtools/bin/../lib/gcc/arm-atollic-eabi/6.3.1/armv7e-m/fpu\libgcc.a(_dvmd_tls.o)
 .ARM.attributes
                0x00000b0c       0x34 c:/program files (x86)/atollic/truestudio for stm32 9.0.0/armtools/bin/../lib/gcc/arm-atollic-eabi/6.3.1/../../../../arm-atollic-eabi/lib/armv7e-m/fpu\libnosys.a(sbrk.o)
 .ARM.attributes
                0x00000b40       0x22 c:/program files (x86)/atollic/truestudio for stm32 9.0.0/armtools/bin/../lib/gcc/arm-atollic-eabi/6.3.1/armv7e-m/fpu/crtn.o
OUTPUT(ADC.elf elf32-littlearm)

.debug_info     0x00000000    0x19287
 .debug_info    0x00000000     0x12c1 Drivers\STM32L4xx_HAL_Driver\Src\stm32l4xx_hal.o
 .debug_info    0x000012c1     0x2afb Drivers\STM32L4xx_HAL_Driver\Src\stm32l4xx_hal_adc.o
 .debug_info    0x00003dbc     0x1726 Drivers\STM32L4xx_HAL_Driver\Src\stm32l4xx_hal_cortex.o
 .debug_info    0x000054e2     0x109a Drivers\STM32L4xx_HAL_Driver\Src\stm32l4xx_hal_gpio.o
 .debug_info    0x0000657c     0x1208 Drivers\STM32L4xx_HAL_Driver\Src\stm32l4xx_hal_pwr_ex.o
 .debug_info    0x00007784     0x15b1 Drivers\STM32L4xx_HAL_Driver\Src\stm32l4xx_hal_rcc.o
 .debug_info    0x00008d35     0x182b Drivers\STM32L4xx_HAL_Driver\Src\stm32l4xx_hal_rcc_ex.o
 .debug_info    0x0000a560     0x180e Drivers\STM32L4xx_HAL_Driver\Src\stm32l4xx_hal_rtc.o
 .debug_info    0x0000bd6e     0x1a5a Drivers\STM32L4xx_HAL_Driver\Src\stm32l4xx_hal_rtc_ex.o
 .debug_info    0x0000d7c8     0x247b Drivers\STM32L4xx_HAL_Driver\Src\stm32l4xx_hal_uart.o
 .debug_info    0x0000fc43     0x1469 Src\adc.o
 .debug_info    0x000110ac      0xd4e Src\gpio.o
 .debug_info    0x00011dfa     0x21d7 Src\main.o
 .debug_info    0x00013fd1     0x144f Src\rtc.o
 .debug_info    0x00015420      0xe84 Src\stm32l4xx_hal_msp.o
 .debug_info    0x000162a4      0xe1f Src\stm32l4xx_it.o
 .debug_info    0x000170c3      0xdfb Src\system_stm32l4xx.o
 .debug_info    0x00017ebe     0x1350 Src\usart.o
 .debug_info    0x0001920e       0x79 startup\startup_stm32l431xx.o

.debug_abbrev   0x00000000     0x2ff2
 .debug_abbrev  0x00000000      0x2c9 Drivers\STM32L4xx_HAL_Driver\Src\stm32l4xx_hal.o
 .debug_abbrev  0x000002c9      0x395 Drivers\STM32L4xx_HAL_Driver\Src\stm32l4xx_hal_adc.o
 .debug_abbrev  0x0000065e      0x37d Drivers\STM32L4xx_HAL_Driver\Src\stm32l4xx_hal_cortex.o
 .debug_abbrev  0x000009db      0x268 Drivers\STM32L4xx_HAL_Driver\Src\stm32l4xx_hal_gpio.o
 .debug_abbrev  0x00000c43      0x2c7 Drivers\STM32L4xx_HAL_Driver\Src\stm32l4xx_hal_pwr_ex.o
 .debug_abbrev  0x00000f0a      0x2d2 Drivers\STM32L4xx_HAL_Driver\Src\stm32l4xx_hal_rcc.o
 .debug_abbrev  0x000011dc      0x31c Drivers\STM32L4xx_HAL_Driver\Src\stm32l4xx_hal_rcc_ex.o
 .debug_abbrev  0x000014f8      0x2c6 Drivers\STM32L4xx_HAL_Driver\Src\stm32l4xx_hal_rtc.o
 .debug_abbrev  0x000017be      0x2d5 Drivers\STM32L4xx_HAL_Driver\Src\stm32l4xx_hal_rtc_ex.o
 .debug_abbrev  0x00001a93      0x3aa Drivers\STM32L4xx_HAL_Driver\Src\stm32l4xx_hal_uart.o
 .debug_abbrev  0x00001e3d      0x227 Src\adc.o
 .debug_abbrev  0x00002064      0x1ec Src\gpio.o
 .debug_abbrev  0x00002250      0x351 Src\main.o
 .debug_abbrev  0x000025a1      0x227 Src\rtc.o
 .debug_abbrev  0x000027c8      0x1f5 Src\stm32l4xx_hal_msp.o
 .debug_abbrev  0x000029bd      0x211 Src\stm32l4xx_it.o
 .debug_abbrev  0x00002bce      0x1eb Src\system_stm32l4xx.o
 .debug_abbrev  0x00002db9      0x227 Src\usart.o
 .debug_abbrev  0x00002fe0       0x12 startup\startup_stm32l431xx.o

.debug_loc      0x00000000     0x654a
 .debug_loc     0x00000000       0xf8 Drivers\STM32L4xx_HAL_Driver\Src\stm32l4xx_hal.o
 .debug_loc     0x000000f8     0x1685 Drivers\STM32L4xx_HAL_Driver\Src\stm32l4xx_hal_adc.o
 .debug_loc     0x0000177d      0x4fb Drivers\STM32L4xx_HAL_Driver\Src\stm32l4xx_hal_cortex.o
 .debug_loc     0x00001c78      0x2b9 Drivers\STM32L4xx_HAL_Driver\Src\stm32l4xx_hal_gpio.o
 .debug_loc     0x00001f31      0x4b3 Drivers\STM32L4xx_HAL_Driver\Src\stm32l4xx_hal_pwr_ex.o
 .debug_loc     0x000023e4      0x5a9 Drivers\STM32L4xx_HAL_Driver\Src\stm32l4xx_hal_rcc.o
 .debug_loc     0x0000298d      0xb62 Drivers\STM32L4xx_HAL_Driver\Src\stm32l4xx_hal_rcc_ex.o
 .debug_loc     0x000034ef      0x82a Drivers\STM32L4xx_HAL_Driver\Src\stm32l4xx_hal_rtc.o
 .debug_loc     0x00003d19      0xaf1 Drivers\STM32L4xx_HAL_Driver\Src\stm32l4xx_hal_rtc_ex.o
 .debug_loc     0x0000480a     0x18d5 Drivers\STM32L4xx_HAL_Driver\Src\stm32l4xx_hal_uart.o
 .debug_loc     0x000060df       0x4d Src\adc.o
 .debug_loc     0x0000612c      0x1bb Src\main.o
 .debug_loc     0x000062e7       0x58 Src\rtc.o
 .debug_loc     0x0000633f      0x1be Src\system_stm32l4xx.o
 .debug_loc     0x000064fd       0x4d Src\usart.o

.debug_aranges  0x00000000      0xa58
 .debug_aranges
                0x00000000      0x110 Drivers\STM32L4xx_HAL_Driver\Src\stm32l4xx_hal.o
 .debug_aranges
                0x00000110       0xe0 Drivers\STM32L4xx_HAL_Driver\Src\stm32l4xx_hal_adc.o
 .debug_aranges
                0x000001f0       0xa8 Drivers\STM32L4xx_HAL_Driver\Src\stm32l4xx_hal_cortex.o
 .debug_aranges
                0x00000298       0x58 Drivers\STM32L4xx_HAL_Driver\Src\stm32l4xx_hal_gpio.o
 .debug_aranges
                0x000002f0       0xf0 Drivers\STM32L4xx_HAL_Driver\Src\stm32l4xx_hal_pwr_ex.o
 .debug_aranges
                0x000003e0       0x88 Drivers\STM32L4xx_HAL_Driver\Src\stm32l4xx_hal_rcc.o
 .debug_aranges
                0x00000468       0xd0 Drivers\STM32L4xx_HAL_Driver\Src\stm32l4xx_hal_rcc_ex.o
 .debug_aranges
                0x00000538       0xa8 Drivers\STM32L4xx_HAL_Driver\Src\stm32l4xx_hal_rtc.o
 .debug_aranges
                0x000005e0      0x118 Drivers\STM32L4xx_HAL_Driver\Src\stm32l4xx_hal_rtc_ex.o
 .debug_aranges
                0x000006f8      0x1a0 Drivers\STM32L4xx_HAL_Driver\Src\stm32l4xx_hal_uart.o
 .debug_aranges
                0x00000898       0x30 Src\adc.o
 .debug_aranges
                0x000008c8       0x20 Src\gpio.o
 .debug_aranges
                0x000008e8       0x50 Src\main.o
 .debug_aranges
                0x00000938       0x30 Src\rtc.o
 .debug_aranges
                0x00000968       0x20 Src\stm32l4xx_hal_msp.o
 .debug_aranges
                0x00000988       0x50 Src\stm32l4xx_it.o
 .debug_aranges
                0x000009d8       0x28 Src\system_stm32l4xx.o
 .debug_aranges
                0x00000a00       0x30 Src\usart.o
 .debug_aranges
                0x00000a30       0x28 startup\startup_stm32l431xx.o

.debug_ranges   0x00000000      0xcf0
 .debug_ranges  0x00000000      0x100 Drivers\STM32L4xx_HAL_Driver\Src\stm32l4xx_hal.o
 .debug_ranges  0x00000100      0x2e0 Drivers\STM32L4xx_HAL_Driver\Src\stm32l4xx_hal_adc.o
 .debug_ranges  0x000003e0      0x138 Drivers\STM32L4xx_HAL_Driver\Src\stm32l4xx_hal_cortex.o
 .debug_ranges  0x00000518       0x68 Drivers\STM32L4xx_HAL_Driver\Src\stm32l4xx_hal_gpio.o
 .debug_ranges  0x00000580       0xe0 Drivers\STM32L4xx_HAL_Driver\Src\stm32l4xx_hal_pwr_ex.o
 .debug_ranges  0x00000660       0x90 Drivers\STM32L4xx_HAL_Driver\Src\stm32l4xx_hal_rcc.o
 .debug_ranges  0x000006f0       0xf8 Drivers\STM32L4xx_HAL_Driver\Src\stm32l4xx_hal_rcc_ex.o
 .debug_ranges  0x000007e8       0x98 Drivers\STM32L4xx_HAL_Driver\Src\stm32l4xx_hal_rtc.o
 .debug_ranges  0x00000880      0x108 Drivers\STM32L4xx_HAL_Driver\Src\stm32l4xx_hal_rtc_ex.o
 .debug_ranges  0x00000988      0x190 Drivers\STM32L4xx_HAL_Driver\Src\stm32l4xx_hal_uart.o
 .debug_ranges  0x00000b18       0x38 Src\adc.o
 .debug_ranges  0x00000b50       0x50 Src\gpio.o
 .debug_ranges  0x00000ba0       0x40 Src\main.o
 .debug_ranges  0x00000be0       0x20 Src\rtc.o
 .debug_ranges  0x00000c00       0x40 Src\stm32l4xx_hal_msp.o
 .debug_ranges  0x00000c40       0x40 Src\stm32l4xx_it.o
 .debug_ranges  0x00000c80       0x18 Src\system_stm32l4xx.o
 .debug_ranges  0x00000c98       0x38 Src\usart.o
 .debug_ranges  0x00000cd0       0x20 startup\startup_stm32l431xx.o

.debug_line     0x00000000     0x68e4
 .debug_line    0x00000000      0x4eb Drivers\STM32L4xx_HAL_Driver\Src\stm32l4xx_hal.o
 .debug_line    0x000004eb      0xe39 Drivers\STM32L4xx_HAL_Driver\Src\stm32l4xx_hal_adc.o
 .debug_line    0x00001324      0x4d5 Drivers\STM32L4xx_HAL_Driver\Src\stm32l4xx_hal_cortex.o
 .debug_line    0x000017f9      0x461 Drivers\STM32L4xx_HAL_Driver\Src\stm32l4xx_hal_gpio.o
 .debug_line    0x00001c5a      0x5c2 Drivers\STM32L4xx_HAL_Driver\Src\stm32l4xx_hal_pwr_ex.o
 .debug_line    0x0000221c      0x654 Drivers\STM32L4xx_HAL_Driver\Src\stm32l4xx_hal_rcc.o
 .debug_line    0x00002870      0x79d Drivers\STM32L4xx_HAL_Driver\Src\stm32l4xx_hal_rcc_ex.o
 .debug_line    0x0000300d      0x6d2 Drivers\STM32L4xx_HAL_Driver\Src\stm32l4xx_hal_rtc.o
 .debug_line    0x000036df      0x9e3 Drivers\STM32L4xx_HAL_Driver\Src\stm32l4xx_hal_rtc_ex.o
 .debug_line    0x000040c2      0xe18 Drivers\STM32L4xx_HAL_Driver\Src\stm32l4xx_hal_uart.o
 .debug_line    0x00004eda      0x329 Src\adc.o
 .debug_line    0x00005203      0x284 Src\gpio.o
 .debug_line    0x00005487      0x547 Src\main.o
 .debug_line    0x000059ce      0x31b Src\rtc.o
 .debug_line    0x00005ce9      0x28e Src\stm32l4xx_hal_msp.o
 .debug_line    0x00005f77      0x33b Src\stm32l4xx_it.o
 .debug_line    0x000062b2      0x2a8 Src\system_stm32l4xx.o
 .debug_line    0x0000655a      0x30b Src\usart.o
 .debug_line    0x00006865       0x7f startup\startup_stm32l431xx.o

.debug_str      0x00000000     0x4604
 .debug_str     0x00000000      0xf38 Drivers\STM32L4xx_HAL_Driver\Src\stm32l4xx_hal.o
                                0xfef (size before relaxing)
 .debug_str     0x00000f38      0xc20 Drivers\STM32L4xx_HAL_Driver\Src\stm32l4xx_hal_adc.o
                               0x13bb (size before relaxing)
 .debug_str     0x00001b58      0x3c3 Drivers\STM32L4xx_HAL_Driver\Src\stm32l4xx_hal_cortex.o
                                0xfa7 (size before relaxing)
 .debug_str     0x00001f1b      0x1ce Drivers\STM32L4xx_HAL_Driver\Src\stm32l4xx_hal_gpio.o
                                0x9e3 (size before relaxing)
 .debug_str     0x000020e9      0x42c Drivers\STM32L4xx_HAL_Driver\Src\stm32l4xx_hal_pwr_ex.o
                                0xb8f (size before relaxing)
 .debug_str     0x00002515      0x37c Drivers\STM32L4xx_HAL_Driver\Src\stm32l4xx_hal_rcc.o
                                0xc56 (size before relaxing)
 .debug_str     0x00002891      0x631 Drivers\STM32L4xx_HAL_Driver\Src\stm32l4xx_hal_rcc_ex.o
                                0xfe3 (size before relaxing)
 .debug_str     0x00002ec2      0x4fa Drivers\STM32L4xx_HAL_Driver\Src\stm32l4xx_hal_rtc.o
                                0xc53 (size before relaxing)
 .debug_str     0x000033bc      0x5ad Drivers\STM32L4xx_HAL_Driver\Src\stm32l4xx_hal_rtc_ex.o
                                0xffa (size before relaxing)
 .debug_str     0x00003969      0x9bf Drivers\STM32L4xx_HAL_Driver\Src\stm32l4xx_hal_uart.o
                               0x143d (size before relaxing)
 .debug_str     0x00004328       0x39 Src\adc.o
                                0xd52 (size before relaxing)
 .debug_str     0x00004361       0x1b Src\gpio.o
                                0x856 (size before relaxing)
 .debug_str     0x0000437c      0x147 Src\main.o
                               0x1a48 (size before relaxing)
 .debug_str     0x000044c3       0x17 Src\rtc.o
                                0xfa2 (size before relaxing)
 .debug_str     0x000044da       0x1b Src\stm32l4xx_hal_msp.o
                                0xbd5 (size before relaxing)
 .debug_str     0x000044f5       0xba Src\stm32l4xx_it.o
                                0x992 (size before relaxing)
 .debug_str     0x000045af       0x3b Src\system_stm32l4xx.o
                                0x830 (size before relaxing)
 .debug_str     0x000045ea       0x1a Src\usart.o
                                0xd21 (size before relaxing)

.comment        0x00000000       0x7c
 .comment       0x00000000       0x7c Drivers\STM32L4xx_HAL_Driver\Src\stm32l4xx_hal.o
                                 0x7d (size before relaxing)
 .comment       0x0000007c       0x7d Drivers\STM32L4xx_HAL_Driver\Src\stm32l4xx_hal_adc.o
 .comment       0x0000007c       0x7d Drivers\STM32L4xx_HAL_Driver\Src\stm32l4xx_hal_cortex.o
 .comment       0x0000007c       0x7d Drivers\STM32L4xx_HAL_Driver\Src\stm32l4xx_hal_gpio.o
 .comment       0x0000007c       0x7d Drivers\STM32L4xx_HAL_Driver\Src\stm32l4xx_hal_pwr_ex.o
 .comment       0x0000007c       0x7d Drivers\STM32L4xx_HAL_Driver\Src\stm32l4xx_hal_rcc.o
 .comment       0x0000007c       0x7d Drivers\STM32L4xx_HAL_Driver\Src\stm32l4xx_hal_rcc_ex.o
 .comment       0x0000007c       0x7d Drivers\STM32L4xx_HAL_Driver\Src\stm32l4xx_hal_rtc.o
 .comment       0x0000007c       0x7d Drivers\STM32L4xx_HAL_Driver\Src\stm32l4xx_hal_rtc_ex.o
 .comment       0x0000007c       0x7d Drivers\STM32L4xx_HAL_Driver\Src\stm32l4xx_hal_uart.o
 .comment       0x0000007c       0x7d Src\adc.o
 .comment       0x0000007c       0x7d Src\gpio.o
 .comment       0x0000007c       0x7d Src\main.o
 .comment       0x0000007c       0x7d Src\rtc.o
 .comment       0x0000007c       0x7d Src\stm32l4xx_hal_msp.o
 .comment       0x0000007c       0x7d Src\stm32l4xx_it.o
 .comment       0x0000007c       0x7d Src\system_stm32l4xx.o
 .comment       0x0000007c       0x7d Src\usart.o

.debug_frame    0x00000000     0x25b4
 .debug_frame   0x00000000      0x240 Drivers\STM32L4xx_HAL_Driver\Src\stm32l4xx_hal.o
 .debug_frame   0x00000240      0x308 Drivers\STM32L4xx_HAL_Driver\Src\stm32l4xx_hal_adc.o
 .debug_frame   0x00000548      0x158 Drivers\STM32L4xx_HAL_Driver\Src\stm32l4xx_hal_cortex.o
 .debug_frame   0x000006a0       0xd4 Drivers\STM32L4xx_HAL_Driver\Src\stm32l4xx_hal_gpio.o
 .debug_frame   0x00000774      0x1d8 Drivers\STM32L4xx_HAL_Driver\Src\stm32l4xx_hal_pwr_ex.o
 .debug_frame   0x0000094c      0x15c Drivers\STM32L4xx_HAL_Driver\Src\stm32l4xx_hal_rcc.o
 .debug_frame   0x00000aa8      0x238 Drivers\STM32L4xx_HAL_Driver\Src\stm32l4xx_hal_rcc_ex.o
 .debug_frame   0x00000ce0      0x210 Drivers\STM32L4xx_HAL_Driver\Src\stm32l4xx_hal_rtc.o
 .debug_frame   0x00000ef0      0x34c Drivers\STM32L4xx_HAL_Driver\Src\stm32l4xx_hal_rtc_ex.o
 .debug_frame   0x0000123c      0x548 Drivers\STM32L4xx_HAL_Driver\Src\stm32l4xx_hal_uart.o
 .debug_frame   0x00001784       0x50 Src\adc.o
 .debug_frame   0x000017d4       0x30 Src\gpio.o
 .debug_frame   0x00001804       0xd0 Src\main.o
 .debug_frame   0x000018d4       0x60 Src\rtc.o
 .debug_frame   0x00001934       0x2c Src\stm32l4xx_hal_msp.o
 .debug_frame   0x00001960       0xbc Src\stm32l4xx_it.o
 .debug_frame   0x00001a1c       0x38 Src\system_stm32l4xx.o
 .debug_frame   0x00001a54       0x58 Src\usart.o
 .debug_frame   0x00001aac       0x2c c:/program files (x86)/atollic/truestudio for stm32 9.0.0/armtools/bin/../lib/gcc/arm-atollic-eabi/6.3.1/../../../../arm-atollic-eabi/lib/armv7e-m/fpu\libc.a(lib_a-init.o)
 .debug_frame   0x00001ad8       0x70 c:/program files (x86)/atollic/truestudio for stm32 9.0.0/armtools/bin/../lib/gcc/arm-atollic-eabi/6.3.1/../../../../arm-atollic-eabi/lib/armv7e-m/fpu\libc.a(lib_a-sprintf.o)
 .debug_frame   0x00001b48       0x20 c:/program files (x86)/atollic/truestudio for stm32 9.0.0/armtools/bin/../lib/gcc/arm-atollic-eabi/6.3.1/../../../../arm-atollic-eabi/lib/armv7e-m/fpu\libc.a(lib_a-strcpy.o)
 .debug_frame   0x00001b68       0x40 c:/program files (x86)/atollic/truestudio for stm32 9.0.0/armtools/bin/../lib/gcc/arm-atollic-eabi/6.3.1/../../../../arm-atollic-eabi/lib/armv7e-m/fpu\libc.a(lib_a-svfprintf.o)
 .debug_frame   0x00001ba8       0x6c c:/program files (x86)/atollic/truestudio for stm32 9.0.0/armtools/bin/../lib/gcc/arm-atollic-eabi/6.3.1/../../../../arm-atollic-eabi/lib/armv7e-m/fpu\libc.a(lib_a-dtoa.o)
 .debug_frame   0x00001c14       0x40 c:/program files (x86)/atollic/truestudio for stm32 9.0.0/armtools/bin/../lib/gcc/arm-atollic-eabi/6.3.1/../../../../arm-atollic-eabi/lib/armv7e-m/fpu\libc.a(lib_a-localeconv.o)
 .debug_frame   0x00001c54       0x30 c:/program files (x86)/atollic/truestudio for stm32 9.0.0/armtools/bin/../lib/gcc/arm-atollic-eabi/6.3.1/../../../../arm-atollic-eabi/lib/armv7e-m/fpu\libc.a(lib_a-malloc.o)
 .debug_frame   0x00001c84       0x40 c:/program files (x86)/atollic/truestudio for stm32 9.0.0/armtools/bin/../lib/gcc/arm-atollic-eabi/6.3.1/../../../../arm-atollic-eabi/lib/armv7e-m/fpu\libc.a(lib_a-mallocr.o)
 .debug_frame   0x00001cc4       0x28 c:/program files (x86)/atollic/truestudio for stm32 9.0.0/armtools/bin/../lib/gcc/arm-atollic-eabi/6.3.1/../../../../arm-atollic-eabi/lib/armv7e-m/fpu\libc.a(lib_a-memcpy-stub.o)
 .debug_frame   0x00001cec       0x30 c:/program files (x86)/atollic/truestudio for stm32 9.0.0/armtools/bin/../lib/gcc/arm-atollic-eabi/6.3.1/../../../../arm-atollic-eabi/lib/armv7e-m/fpu\libc.a(lib_a-mlock.o)
 .debug_frame   0x00001d1c      0x240 c:/program files (x86)/atollic/truestudio for stm32 9.0.0/armtools/bin/../lib/gcc/arm-atollic-eabi/6.3.1/../../../../arm-atollic-eabi/lib/armv7e-m/fpu\libc.a(lib_a-mprec.o)
 .debug_frame   0x00001f5c       0x2c c:/program files (x86)/atollic/truestudio for stm32 9.0.0/armtools/bin/../lib/gcc/arm-atollic-eabi/6.3.1/../../../../arm-atollic-eabi/lib/armv7e-m/fpu\libc.a(lib_a-sbrkr.o)
 .debug_frame   0x00001f88       0x6c c:/program files (x86)/atollic/truestudio for stm32 9.0.0/armtools/bin/../lib/gcc/arm-atollic-eabi/6.3.1/../../../../arm-atollic-eabi/lib/armv7e-m/fpu\libc.a(lib_a-svfiprintf.o)
 .debug_frame   0x00001ff4       0x28 c:/program files (x86)/atollic/truestudio for stm32 9.0.0/armtools/bin/../lib/gcc/arm-atollic-eabi/6.3.1/../../../../arm-atollic-eabi/lib/armv7e-m/fpu\libc.a(lib_a-callocr.o)
 .debug_frame   0x0000201c       0x60 c:/program files (x86)/atollic/truestudio for stm32 9.0.0/armtools/bin/../lib/gcc/arm-atollic-eabi/6.3.1/../../../../arm-atollic-eabi/lib/armv7e-m/fpu\libc.a(lib_a-freer.o)
 .debug_frame   0x0000207c       0x68 c:/program files (x86)/atollic/truestudio for stm32 9.0.0/armtools/bin/../lib/gcc/arm-atollic-eabi/6.3.1/../../../../arm-atollic-eabi/lib/armv7e-m/fpu\libc.a(lib_a-locale.o)
 .debug_frame   0x000020e4       0xb0 c:/program files (x86)/atollic/truestudio for stm32 9.0.0/armtools/bin/../lib/gcc/arm-atollic-eabi/6.3.1/../../../../arm-atollic-eabi/lib/armv7e-m/fpu\libc.a(lib_a-lock.o)
 .debug_frame   0x00002194       0x48 c:/program files (x86)/atollic/truestudio for stm32 9.0.0/armtools/bin/../lib/gcc/arm-atollic-eabi/6.3.1/../../../../arm-atollic-eabi/lib/armv7e-m/fpu\libc.a(lib_a-mbtowc_r.o)
 .debug_frame   0x000021dc       0x28 c:/program files (x86)/atollic/truestudio for stm32 9.0.0/armtools/bin/../lib/gcc/arm-atollic-eabi/6.3.1/../../../../arm-atollic-eabi/lib/armv7e-m/fpu\libc.a(lib_a-memmove.o)
 .debug_frame   0x00002204       0x20 c:/program files (x86)/atollic/truestudio for stm32 9.0.0/armtools/bin/../lib/gcc/arm-atollic-eabi/6.3.1/../../../../arm-atollic-eabi/lib/armv7e-m/fpu\libc.a(lib_a-memset.o)
 .debug_frame   0x00002224       0x50 c:/program files (x86)/atollic/truestudio for stm32 9.0.0/armtools/bin/../lib/gcc/arm-atollic-eabi/6.3.1/../../../../arm-atollic-eabi/lib/armv7e-m/fpu\libc.a(lib_a-reallocr.o)
 .debug_frame   0x00002274       0x5c c:/program files (x86)/atollic/truestudio for stm32 9.0.0/armtools/bin/../lib/gcc/arm-atollic-eabi/6.3.1/../../../../arm-atollic-eabi/lib/armv7e-m/fpu\libc.a(lib_a-reent.o)
 .debug_frame   0x000022d0       0x3c c:/program files (x86)/atollic/truestudio for stm32 9.0.0/armtools/bin/../lib/gcc/arm-atollic-eabi/6.3.1/../../../../arm-atollic-eabi/lib/armv7e-m/fpu\libc.a(lib_a-wctomb_r.o)
 .debug_frame   0x0000230c       0xac c:/program files (x86)/atollic/truestudio for stm32 9.0.0/armtools/bin/../lib/gcc/arm-atollic-eabi/6.3.1/armv7e-m/fpu\libgcc.a(_arm_addsubdf3.o)
 .debug_frame   0x000023b8       0x50 c:/program files (x86)/atollic/truestudio for stm32 9.0.0/armtools/bin/../lib/gcc/arm-atollic-eabi/6.3.1/armv7e-m/fpu\libgcc.a(_arm_muldivdf3.o)
 .debug_frame   0x00002408       0xc4 c:/program files (x86)/atollic/truestudio for stm32 9.0.0/armtools/bin/../lib/gcc/arm-atollic-eabi/6.3.1/armv7e-m/fpu\libgcc.a(_arm_cmpdf2.o)
 .debug_frame   0x000024cc       0x20 c:/program files (x86)/atollic/truestudio for stm32 9.0.0/armtools/bin/../lib/gcc/arm-atollic-eabi/6.3.1/armv7e-m/fpu\libgcc.a(_arm_unorddf2.o)
 .debug_frame   0x000024ec       0x24 c:/program files (x86)/atollic/truestudio for stm32 9.0.0/armtools/bin/../lib/gcc/arm-atollic-eabi/6.3.1/armv7e-m/fpu\libgcc.a(_arm_fixdfsi.o)
 .debug_frame   0x00002510       0x24 c:/program files (x86)/atollic/truestudio for stm32 9.0.0/armtools/bin/../lib/gcc/arm-atollic-eabi/6.3.1/armv7e-m/fpu\libgcc.a(_arm_truncdfsf2.o)
 .debug_frame   0x00002534       0x2c c:/program files (x86)/atollic/truestudio for stm32 9.0.0/armtools/bin/../lib/gcc/arm-atollic-eabi/6.3.1/armv7e-m/fpu\libgcc.a(_aeabi_uldivmod.o)
 .debug_frame   0x00002560       0x34 c:/program files (x86)/atollic/truestudio for stm32 9.0.0/armtools/bin/../lib/gcc/arm-atollic-eabi/6.3.1/armv7e-m/fpu\libgcc.a(_udivmoddi4.o)
 .debug_frame   0x00002594       0x20 c:/program files (x86)/atollic/truestudio for stm32 9.0.0/armtools/bin/../lib/gcc/arm-atollic-eabi/6.3.1/../../../../arm-atollic-eabi/lib/armv7e-m/fpu\libnosys.a(sbrk.o)
